<html>
<body>
<pre>
<h1>µVision Build Log</h1>
<h2>Tool Versions:</h2>
IDE-Version: ¶ÃVision V5.29.0.0
Copyright (C) 2019 ARM Ltd and ARM Germany GmbH. All rights reserved.
License Information: f Administrator, f, LIC=QF82M-XA0P7-30RNC-7T0YN-GZ9PU-9VW4P
 
Tool Versions:
Toolchain:       MDK-ARM Plus  Version: 5.29.0.0
Toolchain Path:  C:\Keil_v5\ARM\ARMCC\Bin
C Compiler:      Armcc.exe V5.06 update 6 (build 750)
Assembler:       Armasm.exe V5.06 update 6 (build 750)
Linker/Locator:  ArmLink.exe V5.06 update 6 (build 750)
Library Manager: ArmAr.exe V5.06 update 6 (build 750)
Hex Converter:   FromElf.exe V5.06 update 6 (build 750)
CPU DLL:         SARMCM3.DLL V5.29.0.0
Dialog DLL:      DCM.DLL V1.17.3.0
Target DLL:      Segger\JL2CM3.dll V2.99.36.0
Dialog DLL:      TCM.DLL V1.36.5.0
 
<h2>Project:</h2>
E:\KarlWork\C4-1\µÁ—π—È÷§\Desktop\C4-1_V01.3.1\Project\mdk_v5\project.uvprojx
Project File Date:  06/26/2026

<h2>Output:</h2>
*** Using Compiler 'V5.06 update 6 (build 750)', folder: 'C:\Keil_v5\ARM\ARMCC\Bin'
Rebuild target 'project'
compiling SerialPort.c...
compiling at32f415_clock.c...
compiling at32f415_int.c...
compiling main.c...
compiling IOstream.c...
compiling Initial.c...
compiling Function.c...
compiling flash.c...
compiling SPIdrive.c...
compiling AD5504.c...
compiling chokeDelay.c...
compiling Command.c...
compiling at32f415_debug.c...
compiling at32f415_crc.c...
compiling at32f415_cmp.c...
compiling at32f415_adc.c...
compiling at32f415_can.c...
compiling at32f415_crm.c...
compiling at32f415_exint.c...
compiling at32f415_gpio.c...
compiling at32f415_flash.c...
compiling at32f415_ertc.c...
compiling at32f415_dma.c...
compiling at32f415_i2c.c...
compiling at32f415_misc.c...
compiling at32f415_pwc.c...
compiling at32f415_spi.c...
compiling at32f415_sdio.c...
compiling at32f415_usart.c...
compiling at32f415_tmr.c...
assembling startup_at32f415.s...
compiling at32f415_usb.c...
compiling at32f415_wwdt.c...
compiling system_at32f415.c...
compiling at32f415_wdt.c...
linking...
Program Size: Code=29516 RO-data=2140 RW-data=20 ZI-data=3244  
FromELF: creating hex file...
".\objects\project.axf" - 0 Error(s), 0 Warning(s).

<h2>Software Packages used:</h2>

Package Vendor: ArteryTek
                
                ArteryTek.AT32F415_DFP.2.1.8
                ArteryTek AT32F415 Series Device Support,Drivers

<h2>Collection of Component include folders:</h2>
  .\RTE\_project
  C:\Users\Administrator\AppData\Local\Arm\Packs\ArteryTek\AT32F415_DFP\2.1.8\Device\Include

<h2>Collection of Component Files used:</h2>
Build Time Elapsed:  00:00:04
</pre>
</body>
</html>
