Component: ARM Compiler 5.06 update 6 (build 750) Tool: armlink [4d35ed]

==============================================================================

Section Cross References

    at32f415_clock.o(i.system_clock_config) refers to at32f415_crm.o(i.crm_reset) for crm_reset
    at32f415_clock.o(i.system_clock_config) refers to at32f415_crm.o(i.crm_clock_source_enable) for crm_clock_source_enable
    at32f415_clock.o(i.system_clock_config) refers to at32f415_crm.o(i.crm_flag_get) for crm_flag_get
    at32f415_clock.o(i.system_clock_config) refers to at32f415_crm.o(i.crm_pll_config) for crm_pll_config
    at32f415_clock.o(i.system_clock_config) refers to at32f415_crm.o(i.crm_ahb_div_set) for crm_ahb_div_set
    at32f415_clock.o(i.system_clock_config) refers to at32f415_crm.o(i.crm_apb2_div_set) for crm_apb2_div_set
    at32f415_clock.o(i.system_clock_config) refers to at32f415_crm.o(i.crm_apb1_div_set) for crm_apb1_div_set
    at32f415_clock.o(i.system_clock_config) refers to at32f415_crm.o(i.crm_auto_step_mode_enable) for crm_auto_step_mode_enable
    at32f415_clock.o(i.system_clock_config) refers to at32f415_crm.o(i.crm_sysclk_switch) for crm_sysclk_switch
    at32f415_clock.o(i.system_clock_config) refers to at32f415_crm.o(i.crm_sysclk_switch_status_get) for crm_sysclk_switch_status_get
    at32f415_clock.o(i.system_clock_config) refers to system_at32f415.o(i.system_core_clock_update) for system_core_clock_update
    at32f415_int.o(i.EXINT9_5_IRQHandler) refers to at32f415_exint.o(i.exint_flag_get) for exint_flag_get
    at32f415_int.o(i.EXINT9_5_IRQHandler) refers to at32f415_gpio.o(i.gpio_input_data_read) for gpio_input_data_read
    at32f415_int.o(i.EXINT9_5_IRQHandler) refers to at32f415_exint.o(i.exint_flag_clear) for exint_flag_clear
    at32f415_int.o(i.EXINT9_5_IRQHandler) refers to function.o(.data) for swMess
    at32f415_int.o(i.SysTick_Handler) refers to serialport.o(.data) for pUART
    at32f415_int.o(i.USART1_IRQHandler) refers to at32f415_usart.o(i.usart_flag_get) for usart_flag_get
    at32f415_int.o(i.USART1_IRQHandler) refers to at32f415_usart.o(i.usart_flag_clear) for usart_flag_clear
    at32f415_int.o(i.USART1_IRQHandler) refers to serialport.o(.data) for pUART
    main.o(i.main) refers to at32f415_clock.o(i.system_clock_config) for system_clock_config
    main.o(i.main) refers to initial.o(i.SysTickConfigure) for SysTickConfigure
    main.o(i.main) refers to iostream.o(i.ioConfig) for ioConfig
    main.o(i.main) refers to serialport.o(i.usart_configuration) for usart_configuration
    main.o(i.main) refers to spidrive.o(i.SPI1_Config) for SPI1_Config
    main.o(i.main) refers to iostream.o(i.exint_line15_config) for exint_line15_config
    main.o(i.main) refers to initial.o(i.epramInitialize) for epramInitialize
    main.o(i.main) refers to initial.o(i.bsp_Init) for bsp_Init
    main.o(i.main) refers to iostream.o(i.InputIOScan) for InputIOScan
    main.o(i.main) refers to function.o(i.SwitchMessage) for SwitchMessage
    main.o(i.main) refers to command.o(i.RX0_CommandDispose) for RX0_CommandDispose
    initial.o(i.SysTickConfigure) refers to at32f415_misc.o(i.systick_clock_source_config) for systick_clock_source_config
    initial.o(i.SysTickConfigure) refers to system_at32f415.o(.data) for system_core_clock
    initial.o(i.bsp_Init) refers to chokedelay.o(i.delay_ms) for delay_ms
    initial.o(i.bsp_Init) refers to ad5504.o(i.AD5504_PowerUp) for AD5504_PowerUp
    initial.o(i.bsp_Init) refers to flash.o(i.flash_read_level) for flash_read_level
    initial.o(i.bsp_Init) refers to ad5504.o(i.SPI1_WriteAD5504) for SPI1_WriteAD5504
    initial.o(i.bsp_Init) refers to serialport.o(i.printfx) for printfx
    initial.o(i.bsp_Init) refers to function.o(.data) for swMess
    initial.o(i.bsp_Init) refers to initial.o(.bss) for sLevel
    initial.o(i.configWDT) refers to at32f415_crm.o(i.crm_flag_clear) for crm_flag_clear
    initial.o(i.configWDT) refers to at32f415_wdt.o(i.wdt_register_write_enable) for wdt_register_write_enable
    initial.o(i.configWDT) refers to at32f415_wdt.o(i.wdt_divider_set) for wdt_divider_set
    initial.o(i.configWDT) refers to at32f415_wdt.o(i.wdt_reload_value_set) for wdt_reload_value_set
    initial.o(i.configWDT) refers to at32f415_wdt.o(i.wdt_counter_reload) for wdt_counter_reload
    initial.o(i.configWDT) refers to at32f415_wdt.o(i.wdt_enable) for wdt_enable
    initial.o(i.epramInitialize) refers to flash.o(i.flash_read_byte) for flash_read_byte
    initial.o(i.epramInitialize) refers to rt_memclr.o(.text) for __aeabi_memclr
    initial.o(i.epramInitialize) refers to rt_memclr_w.o(.text) for __aeabi_memclr4
    initial.o(i.epramInitialize) refers to rt_memcpy_w.o(.text) for __aeabi_memcpy4
    initial.o(i.epramInitialize) refers to flash.o(i.ParameterSave) for ParameterSave
    initial.o(i.epramInitialize) refers to flash.o(i.flash_read_halfword) for flash_read_halfword
[...]
    _signal_init                              - Undefined Weak Reference
    _terminate_alloc                          - Undefined Weak Reference
    _terminate_user_alloc                     - Undefined Weak Reference
    _terminateio                              - Undefined Weak Reference
    __Vectors_Size                           0x00000170   Number         0  startup_at32f415.o ABSOLUTE
    __Vectors                                0x08000000   Data           4  startup_at32f415.o(RESET)
    __Vectors_End                            0x08000170   Data           0  startup_at32f415.o(RESET)
    __main                                   0x08000171   Thumb Code     8  __main.o(!!!main)
    __scatterload                            0x08000179   Thumb Code     0  __scatter.o(!!!scatter)
    __scatterload_rt2                        0x08000179   Thumb Code    44  __scatter.o(!!!scatter)
    __scatterload_rt2_thumb_only             0x08000179   Thumb Code     0  __scatter.o(!!!scatter)
    __scatterload_null                       0x08000187   Thumb Code     0  __scatter.o(!!!scatter)
    __scatterload_copy                       0x080001ad   Thumb Code    26  __scatter_copy.o(!!handler_copy)
    __scatterload_zeroinit                   0x080001c9   Thumb Code    28  __scatter_zi.o(!!handler_zi)
    _printf_n                                0x080001e5   Thumb Code     0  _printf_n.o(.ARM.Collect$$_printf_percent$$00000001)
    _printf_percent                          0x080001e5   Thumb Code     0  _printf_percent.o(.ARM.Collect$$_printf_percent$$00000000)
    _printf_p                                0x080001eb   Thumb Code     0  _printf_p.o(.ARM.Collect$$_printf_percent$$00000002)
    _printf_f                                0x080001f1   Thumb Code     0  _printf_f.o(.ARM.Collect$$_printf_percent$$00000003)
    _printf_e                                0x080001f7   Thumb Code     0  _printf_e.o(.ARM.Collect$$_printf_percent$$00000004)
    _printf_g                                0x080001fd   Thumb Code     0  _printf_g.o(.ARM.Collect$$_printf_percent$$00000005)
    _printf_a                                0x08000203   Thumb Code     0  _printf_a.o(.ARM.Collect$$_printf_percent$$00000006)
    _printf_ll                               0x08000209   Thumb Code     0  _printf_ll.o(.ARM.Collect$$_printf_percent$$00000007)
    _printf_i                                0x08000213   Thumb Code     0  _printf_i.o(.ARM.Collect$$_printf_percent$$00000008)
    _printf_d                                0x08000219   Thumb Code     0  _printf_d.o(.ARM.Collect$$_printf_percent$$00000009)
    _printf_u                                0x0800021f   Thumb Code     0  _printf_u.o(.ARM.Collect$$_printf_percent$$0000000A)
    _printf_o                                0x08000225   Thumb Code     0  _printf_o.o(.ARM.Collect$$_printf_percent$$0000000B)
    _printf_x                                0x0800022b   Thumb Code     0  _printf_x.o(.ARM.Collect$$_printf_percent$$0000000C)
    _printf_lli                              0x08000231   Thumb Code     0  _printf_lli.o(.ARM.Collect$$_printf_percent$$0000000D)
    _printf_lld                              0x08000237   Thumb Code     0  _printf_lld.o(.ARM.Collect$$_printf_percent$$0000000E)
    _printf_llu                              0x0800023d   Thumb Code     0  _printf_llu.o(.ARM.Collect$$_printf_percent$$0000000F)
    _printf_llo                              0x08000243   Thumb Code     0  _printf_llo.o(.ARM.Collect$$_printf_percent$$00000010)
    _printf_llx                              0x08000249   Thumb Code     0  _printf_llx.o(.ARM.Collect$$_printf_percent$$00000011)
    _printf_l                                0x0800024f   Thumb Code     0  _printf_l.o(.ARM.Collect$$_printf_percent$$00000012)
    _printf_c                                0x08000259   Thumb Code     0  _printf_c.o(.ARM.Collect$$_printf_percent$$00000013)
    _printf_s                                0x0800025f   Thumb Code     0  _printf_s.o(.ARM.Collect$$_printf_percent$$00000014)
    _printf_lc                               0x08000265   Thumb Code     0  _printf_lc.o(.ARM.Collect$$_printf_percent$$00000015)
    _printf_ls                               0x0800026b   Thumb Code     0  _printf_ls.o(.ARM.Collect$$_printf_percent$$00000016)
    _printf_percent_end                      0x08000271   Thumb Code     0  _printf_percent_end.o(.ARM.Collect$$_printf_percent$$00000017)
    __rt_lib_init                            0x08000275   Thumb Code     0  libinit.o(.ARM.Collect$$libinit$$00000000)
    __rt_lib_init_fp_1                       0x08000277   Thumb Code     0  libinit2.o(.ARM.Collect$$libinit$$00000002)
    __rt_lib_init_heap_1                     0x08000277   Thumb Code     0  libinit2.o(.ARM.Collect$$libinit$$0000000A)
    __rt_lib_init_lc_common                  0x08000277   Thumb Code     0  libinit2.o(.ARM.Collect$$libinit$$0000000F)
    __rt_lib_init_preinit_1                  0x08000277   Thumb Code     0  libinit2.o(.ARM.Collect$$libinit$$00000004)
    __rt_lib_init_rand_1                     0x08000277   Thumb Code     0  libinit2.o(.ARM.Collect$$libinit$$0000000E)
    __rt_lib_init_user_alloc_1               0x08000277   Thumb Code     0  libinit2.o(.ARM.Collect$$libinit$$0000000C)
    __rt_lib_init_lc_collate_1               0x0800027d   Thumb Code     0  libinit2.o(.ARM.Collect$$libinit$$00000011)
    __rt_lib_init_lc_ctype_2                 0x0800027d   Thumb Code     0  libinit2.o(.ARM.Collect$$libinit$$00000012)
    __rt_lib_init_lc_ctype_1                 0x08000289   Thumb Code     0  libinit2.o(.ARM.Collect$$libinit$$00000013)
    __rt_lib_init_lc_monetary_1              0x08000289   Thumb Code     0  libinit2.o(.ARM.Collect$$libinit$$00000015)
    __rt_lib_init_lc_numeric_2               0x08000289   Thumb Code     0  libinit2.o(.ARM.Collect$$libinit$$00000016)
    __rt_lib_init_alloca_1                   0x08000293   Thumb Code     0  libinit2.o(.ARM.Collect$$libinit$$0000002E)
    __rt_lib_init_argv_1                     0x08000293   Thumb Code     0  libinit2.o(.ARM.Collect$$libinit$$0000002C)
    __rt_lib_init_atexit_1                   0x08000293   Thumb Code     0  libinit2.o(.ARM.Collect$$libinit$$0000001B)
    __rt_lib_init_clock_1                    0x08000293   Thumb Code     0  libinit2.o(.ARM.Collect$$libinit$$00000021)
    __rt_lib_init_cpp_1                      0x08000293   Thumb Code     0  libinit2.o(.ARM.Collect$$libinit$$00000032)
    __rt_lib_init_exceptions_1               0x08000293   Thumb Code     0  libinit2.o(.ARM.Collect$$libinit$$00000030)
    __rt_lib_init_fp_trap_1                  0x08000293   Thumb Code     0  libinit2.o(.ARM.Collect$$libinit$$0000001F)
    __rt_lib_init_getenv_1                   0x08000293   Thumb Code     0  libinit2.o(.ARM.Collect$$libinit$$00000023)
    __rt_lib_init_lc_numeric_1               0x08000293   Thumb Code     0  libinit2.o(.ARM.Collect$$libinit$$00000017)
    __rt_lib_init_lc_time_1                  0x08000293   Thumb Code     0  libinit2.o(.ARM.Collect$$libinit$$00000019)
    __rt_lib_init_return                     0x08000293   Thumb Code     0  libinit2.o(.ARM.Collect$$libinit$$00000033)
    __rt_lib_init_signal_1                   0x08000293   Thumb Code     0  libinit2.o(.ARM.Collect$$libinit$$0000001D)
    __rt_lib_init_stdio_1                    0x08000293   Thumb Code     0  libinit2.o(.ARM.Collect$$libinit$$00000025)
    __rt_lib_shutdown                        0x08000295   Thumb Code     0  libshutdown.o(.ARM.Collect$$libshutdown$$00000000)
    __rt_lib_shutdown_cpp_1                  0x08000297   Thumb Code     0  libshutdown2.o(.ARM.Collect$$libshutdown$$00000002)
    __rt_lib_shutdown_fp_trap_1              0x08000297   Thumb Code     0  libshutdown2.o(.ARM.Collect$$libshutdown$$00000007)
    __rt_lib_shutdown_heap_1                 0x08000297   Thumb Code     0  libshutdown2.o(.ARM.Collect$$libshutdown$$0000000F)
    __rt_lib_shutdown_return                 0x08000297   Thumb Code     0  libshutdown2.o(.ARM.Collect$$libshutdown$$00000010)
    __rt_lib_shutdown_signal_1               0x08000297   Thumb Code     0  libshutdown2.o(.ARM.Collect$$libshutdown$$0000000A)
    __rt_lib_shutdown_stdio_1                0x08000297   Thumb Code     0  libshutdown2.o(.ARM.Collect$$libshutdown$$00000004)
    __rt_lib_shutdown_user_alloc_1           0x08000297   Thumb Code     0  libshutdown2.o(.ARM.Collect$$libshutdown$$0000000C)
    __rt_entry                               0x08000299   Thumb Code     0  __rtentry.o(.ARM.Collect$$rtentry$$00000000)
    __rt_entry_presh_1                       0x08000299   Thumb Code     0  __rtentry2.o(.ARM.Collect$$rtentry$$00000002)
    __rt_entry_sh                            0x08000299   Thumb Code     0  __rtentry4.o(.ARM.Collect$$rtentry$$00000004)
    __rt_entry_li                            0x0800029f   Thumb Code     0  __rtentry2.o(.ARM.Collect$$rtentry$$0000000A)
    __rt_entry_postsh_1                      0x0800029f   Thumb Code     0  __rtentry2.o(.ARM.Collect$$rtentry$$00000009)
    __rt_entry_main                          0x080002a3   Thumb Code     0  __rtentry2.o(.ARM.Collect$$rtentry$$0000000D)
    __rt_entry_postli_1                      0x080002a3   Thumb Code     0  __rtentry2.o(.ARM.Collect$$rtentry$$0000000C)
    __rt_exit                                0x080002ab   Thumb Code     0  rtexit.o(.ARM.Collect$$rtexit$$00000000)
    __rt_exit_ls                             0x080002ad   Thumb Code     0  rtexit2.o(.ARM.Collect$$rtexit$$00000003)
    __rt_exit_prels_1                        0x080002ad   Thumb Code     0  rtexit2.o(.ARM.Collect$$rtexit$$00000002)
    __rt_exit_exit                           0x080002b1   Thumb Code     0  rtexit2.o(.ARM.Collect$$rtexit$$00000004)
    Reset_Handler                            0x080002b9   Thumb Code     8  startup_at32f415.o(.text)
    ADC1_IRQHandler                          0x080002d3   Thumb Code     0  startup_at32f415.o(.text)
    CAN1_RX0_IRQHandler                      0x080002d3   Thumb Code     0  startup_at32f415.o(.text)
    CAN1_RX1_IRQHandler                      0x080002d3   Thumb Code     0  startup_at32f415.o(.text)
    CAN1_SE_IRQHandler                       0x080002d3   Thumb Code     0  startup_at32f415.o(.text)
    CAN1_TX_IRQHandler                       0x080002d3   Thumb Code     0  startup_at32f415.o(.text)
    CMP1_IRQHandler                          0x080002d3   Thumb Code     0  startup_at32f415.o(.text)
    CMP2_IRQHandler                          0x080002d3   Thumb Code     0  startup_at32f415.o(.text)
    CRM_IRQHandler                           0x080002d3   Thumb Code     0  startup_at32f415.o(.text)
    DMA1_Channel1_IRQHandler                 0x080002d3   Thumb Code     0  startup_at32f415.o(.text)
    DMA1_Channel2_IRQHandler                 0x080002d3   Thumb Code     0  startup_at32f415.o(.text)
    DMA1_Channel3_IRQHandler                 0x080002d3   Thumb Code     0  startup_at32f415.o(.text)
    DMA1_Channel4_IRQHandler                 0x080002d3   Thumb Code     0  startup_at32f415.o(.text)
    DMA1_Channel5_IRQHandler                 0x080002d3   Thumb Code     0  startup_at32f415.o(.text)
    DMA1_Channel6_IRQHandler                 0x080002d3   Thumb Code     0  startup_at32f415.o(.text)
    DMA1_Channel7_IRQHandler                 0x080002d3   Thumb Code     0  startup_at32f415.o(.text)
    DMA2_Channel1_IRQHandler                 0x080002d3   Thumb Code     0  startup_at32f415.o(.text)
    DMA2_Channel2_IRQHandler                 0x080002d3   Thumb Code     0  startup_at32f415.o(.text)
    DMA2_Channel3_IRQHandler                 0x080002d3   Thumb Code     0  startup_at32f415.o(.text)
    DMA2_Channel4_5_IRQHandler               0x080002d3   Thumb Code     0  startup_at32f415.o(.text)
    DMA2_Channel6_7_IRQHandler               0x080002d3   Thumb Code     0  startup_at32f415.o(.text)
    ERTCAlarm_IRQHandler                     0x080002d3   Thumb Code     0  startup_at32f415.o(.text)
    ERTC_WKUP_IRQHandler                     0x080002d3   Thumb Code     0  startup_at32f415.o(.text)
    EXINT0_IRQHandler                        0x080002d3   Thumb Code     0  startup_at32f415.o(.text)
    EXINT1_IRQHandler                        0x080002d3   Thumb Code     0  startup_at32f415.o(.text)
    EXINT2_IRQHandler                        0x080002d3   Thumb Code     0  startup_at32f415.o(.text)
    EXINT3_IRQHandler                        0x080002d3   Thumb Code     0  startup_at32f415.o(.text)
    EXINT4_IRQHandler                        0x080002d3   Thumb Code     0  startup_at32f415.o(.text)
    FLASH_IRQHandler                         0x080002d3   Thumb Code     0  startup_at32f415.o(.text)
    I2C1_ERR_IRQHandler                      0x080002d3   Thumb Code     0  startup_at32f415.o(.text)
    I2C1_EVT_IRQHandler                      0x080002d3   Thumb Code     0  startup_at32f415.o(.text)
    I2C2_ERR_IRQHandler                      0x080002d3   Thumb Code     0  startup_at32f415.o(.text)
    I2C2_EVT_IRQHandler                      0x080002d3   Thumb Code     0  startup_at32f415.o(.text)
    OTGFS1_IRQHandler                        0x080002d3   Thumb Code     0  startup_at32f415.o(.text)
    OTGFS1_WKUP_IRQHandler                   0x080002d3   Thumb Code     0  startup_at32f415.o(.text)
    PVM_IRQHandler                           0x080002d3   Thumb Code     0  startup_at32f415.o(.text)
    SDIO1_IRQHandler                         0x080002d3   Thumb Code     0  startup_at32f415.o(.text)
    SPI1_IRQHandler                          0x080002d3   Thumb Code     0  startup_at32f415.o(.text)
    SPI2_IRQHandler                          0x080002d3   Thumb Code     0  startup_at32f415.o(.text)
    TAMP_STAMP_IRQHandler                    0x080002d3   Thumb Code     0  startup_at32f415.o(.text)
    TMR1_BRK_TMR9_IRQHandler                 0x080002d3   Thumb Code     0  startup_at32f415.o(.text)
    TMR1_CH_IRQHandler                       0x080002d3   Thumb Code     0  startup_at32f415.o(.text)
    TMR1_OVF_TMR10_IRQHandler                0x080002d3   Thumb Code     0  startup_at32f415.o(.text)
    TMR1_TRG_HALL_TMR11_IRQHandler           0x080002d3   Thumb Code     0  startup_at32f415.o(.text)
    TMR2_GLOBAL_IRQHandler                   0x080002d3   Thumb Code     0  startup_at32f415.o(.text)
    TMR3_GLOBAL_IRQHandler                   0x080002d3   Thumb Code     0  startup_at32f415.o(.text)
    TMR4_GLOBAL_IRQHandler                   0x080002d3   Thumb Code     0  startup_at32f415.o(.text)
    TMR5_GLOBAL_IRQHandler                   0x080002d3   Thumb Code     0  startup_at32f415.o(.text)
    UART4_IRQHandler                         0x080002d3   Thumb Code     0  startup_at32f415.o(.text)
    UART5_IRQHandler                         0x080002d3   Thumb Code     0  startup_at32f415.o(.text)
    USART2_IRQHandler                        0x080002d3   Thumb Code     0  startup_at32f415.o(.text)
    USART3_IRQHandler                        0x080002d3   Thumb Code     0  startup_at32f415.o(.text)
    WWDT_IRQHandler                          0x080002d3   Thumb Code     0  startup_at32f415.o(.text)
    __user_initial_stackheap                 0x080002d5   Thumb Code     0  startup_at32f415.o(.text)
    __aeabi_uldivmod                         0x080002f9   Thumb Code     0  lludivv7m.o(.text)
    _ll_udiv                                 0x080002f9   Thumb Code   238  lludivv7m.o(.text)
    vsprintf                                 0x080003e9   Thumb Code    32  vsprintf.o(.text)
    __0sscanf                                0x0800040d   Thumb Code    52  __0sscanf.o(.text)
    _scanf_int                               0x08000449   Thumb Code   332  _scanf_int.o(.text)
    _scanf_string                            0x08000595   Thumb Code   224  _scanf_str.o(.text)
    atoi                                     0x08000675   Thumb Code    26  atoi.o(.text)
    strstr                                   0x0800068f   Thumb Code    36  strstr.o(.text)
    strlen                                   0x080006b3   Thumb Code    62  strlen.o(.text)
    strncmp                                  0x080006f1   Thumb Code   150  strncmp.o(.text)
    __aeabi_memcpy                           0x08000787   Thumb Code     0  rt_memcpy_v6.o(.text)
    __rt_memcpy                              0x08000787   Thumb Code   138  rt_memcpy_v6.o(.text)
    _memcpy_lastbytes                        0x080007ed   Thumb Code     0  rt_memcpy_v6.o(.text)
    __aeabi_memcpy4                          0x08000811   Thumb Code     0  rt_memcpy_w.o(.text)
    __aeabi_memcpy8                          0x08000811   Thumb Code     0  rt_memcpy_w.o(.text)
    __rt_memcpy_w                            0x08000811   Thumb Code   100  rt_memcpy_w.o(.text)
    _memcpy_lastbytes_aligned                0x08000859   Thumb Code     0  rt_memcpy_w.o(.text)
    __aeabi_memclr                           0x08000875   Thumb Code     0  rt_memclr.o(.text)
    __rt_memclr                              0x08000875   Thumb Code    68  rt_memclr.o(.text)
    _memset                                  0x08000879   Thumb Code     0  rt_memclr.o(.text)
    __aeabi_memclr4                          0x080008b9   Thumb Code     0  rt_memclr_w.o(.text)
    __aeabi_memclr8                          0x080008b9   Thumb Code     0  rt_memclr_w.o(.text)
    __rt_memclr_w                            0x080008b9   Thumb Code    78  rt_memclr_w.o(.text)
    _memset_w                                0x080008bd   Thumb Code     0  rt_memclr_w.o(.text)
    strcmp                                   0x08000909   Thumb Code   128  strcmpv7m.o(.text)
    __use_two_region_memory                  0x08000989   Thumb Code     2  heapauxi.o(.text)
    __rt_heap_escrow$2region                 0x0800098b   Thumb Code     2  heapauxi.o(.text)
    __rt_heap_expand$2region                 0x0800098d   Thumb Code     2  heapauxi.o(.text)
    __aeabi_errno_addr                       0x08000991   Thumb Code     8  rt_errno_addr_intlibspace.o(.text)
    __errno$intlibspace                      0x08000991   Thumb Code     0  rt_errno_addr_intlibspace.o(.text)
    __rt_errno_addr$intlibspace              0x08000991   Thumb Code     0  rt_errno_addr_intlibspace.o(.text)
    __read_errno                             0x08000999   Thumb Code    10  _rserrno.o(.text)
    __set_errno                              0x080009a3   Thumb Code    12  _rserrno.o(.text)
    _printf_pre_padding                      0x080009af   Thumb Code    44  _printf_pad.o(.text)
    _printf_post_padding                     0x080009db   Thumb Code    34  _printf_pad.o(.text)
    _printf_truncate_signed                  0x080009fd   Thumb Code    18  _printf_truncate.o(.text)
    _printf_truncate_unsigned                0x08000a0f   Thumb Code    18  _printf_truncate.o(.text)
    _printf_str                              0x08000a21   Thumb Code    82  _printf_str.o(.text)
    _printf_int_dec                          0x08000a75   Thumb Code   104  _printf_dec.o(.text)
    _printf_charcount                        0x08000aed   Thumb Code    40  _printf_charcount.o(.text)
    _printf_char_common                      0x08000b1f   Thumb Code    32  _printf_char_common.o(.text)
    _sputc                                   0x08000b45   Thumb Code    10  _sputc.o(.text)
    _printf_wctomb                           0x08000b51   Thumb Code   182  _printf_wctomb.o(.text)
    _printf_longlong_dec                     0x08000c0d   Thumb Code   108  _printf_longlong_dec.o(.text)
    _printf_longlong_oct                     0x08000c89   Thumb Code    66  _printf_oct_int_ll.o(.text)
    _printf_int_oct                          0x08000ccb   Thumb Code    24  _printf_oct_int_ll.o(.text)
    _printf_ll_oct                           0x08000ce3   Thumb Code    12  _printf_oct_int_ll.o(.text)
    _printf_longlong_hex                     0x08000cf9   Thumb Code    86  _printf_hex_int_ll_ptr.o(.text)
    _printf_int_hex                          0x08000d4f   Thumb Code    28  _printf_hex_int_ll_ptr.o(.text)
    _printf_ll_hex                           0x08000d6b   Thumb Code    12  _printf_hex_int_ll_ptr.o(.text)
    _printf_hex_ptr                          0x08000d77   Thumb Code    18  _printf_hex_int_ll_ptr.o(.text)
    __printf                                 0x08000d8d   Thumb Code   388  __printf_flags_ss_wp.o(.text)
    _chval                                   0x08000f15   Thumb Code    28  _chval.o(.text)
    _scanf_really_real                       0x0800117d   Thumb Code   684  scanf_fp.o(.text)
    __vfscanf_char                           0x08001435   Thumb Code    24  scanf_char.o(.text)
    _sgetc                                   0x08001455   Thumb Code    30  _sgetc.o(.text)
    _sbackspace                              0x08001473   Thumb Code    34  _sgetc.o(.text)
    strtol                                   0x08001495   Thumb Code   112  strtol.o(.text)
    __user_libspace                          0x08001505   Thumb Code     8  libspace.o(.text)
    __user_perproc_libspace                  0x08001505   Thumb Code     0  libspace.o(.text)
    __user_perthread_libspace                0x08001505   Thumb Code     0  libspace.o(.text)
    __rt_ctype_table                         0x0800150d   Thumb Code    16  rt_ctype_table.o(.text)
    __rt_locale                              0x0800151d   Thumb Code     8  rt_locale_intlibspace.o(.text)
    _ll_udiv10                               0x08001525   Thumb Code   138  lludiv10.o(.text)
    isspace                                  0x080015af   Thumb Code    18  isspace.o(.text)
    _printf_int_common                       0x080015c1   Thumb Code   178  _printf_intcommon.o(.text)
    __lib_sel_fp_printf                      0x08001673   Thumb Code     2  _printf_fp_dec.o(.text)
    _printf_fp_dec_real                      0x08001825   Thumb Code   620  _printf_fp_dec.o(.text)
    _printf_fp_hex_real                      0x08001a91   Thumb Code   756  _printf_fp_hex.o(.text)
    _printf_cs_common                        0x08001d8d   Thumb Code    20  _printf_char.o(.text)
    _printf_char                             0x08001da1   Thumb Code    16  _printf_char.o(.text)
    _printf_string                           0x08001db1   Thumb Code     8  _printf_char.o(.text)
    _printf_lcs_common                       0x08001db9   Thumb Code    20  _printf_wchar.o(.text)
    _printf_wchar                            0x08001dcd   Thumb Code    16  _printf_wchar.o(.text)
    _printf_wstring                          0x08001ddd   Thumb Code     8  _printf_wchar.o(.text)
    __vfscanf                                0x08001de5   Thumb Code   878  _scanf.o(.text)
    _strtoul                                 0x08002159   Thumb Code   158  _strtoul.o(.text)
    _btod_etento                             0x080021f9   Thumb Code   224  bigflt0.o(.text)
    _wcrtomb                                 0x080022dd   Thumb Code    64  _wcrtomb.o(.text)
    __user_setup_stackheap                   0x0800231d   Thumb Code    74  sys_stackheap_outer.o(.text)
    _printf_fp_infnan                        0x08002369   Thumb Code   112  _printf_fp_infnan.o(.text)
    _scanf_really_hex_real                   0x080023e9   Thumb Code   786  scanf_hexfp.o(.text)
    _scanf_really_infnan                     0x08002709   Thumb Code   292  scanf_infnan.o(.text)
    exit                                     0x0800283d   Thumb Code    18  exit.o(.text)
    __aeabi_llsl                             0x0800284f   Thumb Code     0  llshl.o(.text)
    _ll_shift_l                              0x0800284f   Thumb Code    38  llshl.o(.text)
    _sys_exit                                0x08002875   Thumb Code     8  sys_exit.o(.text)
    __I$use$semihosting                      0x08002881   Thumb Code     0  use_no_semi.o(.text)
    __use_no_semihosting_swi                 0x08002881   Thumb Code     2  use_no_semi.o(.text)
    __semihosting_library_function           0x08002883   Thumb Code     0  indicate_semi.o(.text)
    _btod_d2e                                0x08002883   Thumb Code    62  btod.o(CL$$btod_d2e)
    _d2e_denorm_low                          0x080028c1   Thumb Code    70  btod.o(CL$$btod_d2e_denorm_low)
    _d2e_norm_op1                            0x08002907   Thumb Code    96  btod.o(CL$$btod_d2e_norm_op1)
    __btod_div_common                        0x08002967   Thumb Code   696  btod.o(CL$$btod_div_common)
    _e2d                                     0x08002ca1   Thumb Code   122  btod.o(CL$$btod_e2d)
    _e2e                                     0x08002d25   Thumb Code   220  btod.o(CL$$btod_e2e)
    _btod_ediv                               0x08002e01   Thumb Code    42  btod.o(CL$$btod_ediv)
    _btod_edivd                              0x08002e2b   Thumb Code    42  btod.o(CL$$btod_edivd)
    _btod_emul                               0x08002e55   Thumb Code    42  btod.o(CL$$btod_emul)
    _btod_emuld                              0x08002e7f   Thumb Code    42  btod.o(CL$$btod_emuld)
    __btod_mult_common                       0x08002ea9   Thumb Code   580  btod.o(CL$$btod_mult_common)
    AD5504_PowerUp                           0x080030ed   Thumb Code   154  ad5504.o(i.AD5504_PowerUp)
    BusFault_Handler                         0x08003189   Thumb Code    16  at32f415_int.o(i.BusFault_Handler)
    DebugMon_Handler                         0x080031a1   Thumb Code     2  at32f415_int.o(i.DebugMon_Handler)
    EXINT15_10_IRQHandler                    0x080031a3   Thumb Code     2  at32f415_int.o(i.EXINT15_10_IRQHandler)
    EXINT9_5_IRQHandler                      0x080031a5   Thumb Code    86  at32f415_int.o(i.EXINT9_5_IRQHandler)
    GetInterpolatedK                         0x08003209   Thumb Code   426  command.o(i.GetInterpolatedK)
    GetSegmentIndex                          0x080033c1   Thumb Code    62  command.o(i.GetSegmentIndex)
    HardFault_Handler                        0x08003405   Thumb Code     4  at32f415_int.o(i.HardFault_Handler)
    InputIOScan                              0x08003409   Thumb Code    92  iostream.o(i.InputIOScan)
    LevelValueDispose                        0x0800346d   Thumb Code  1222  command.o(i.LevelValueDispose)
    MemManage_Handler                        0x0800396d   Thumb Code    16  at32f415_int.o(i.MemManage_Handler)
    NMI_Handler                              0x08003985   Thumb Code     2  at32f415_int.o(i.NMI_Handler)
    OffsetChannel                            0x08003989   Thumb Code  1332  command.o(i.OffsetChannel)
    ParameterSave                            0x08003ec5   Thumb Code   218  flash.o(i.ParameterSave)
    PendSV_Handler                           0x08003fb5   Thumb Code     2  at32f415_int.o(i.PendSV_Handler)
    RX0_CommandDispose                       0x08003fb9   Thumb Code   428  command.o(i.RX0_CommandDispose)
    ReadSelectSwitch                         0x08004191   Thumb Code   196  command.o(i.ReadSelectSwitch)
    ReadSelectSwitch1                        0x08004299   Thumb Code   172  command.o(i.ReadSelectSwitch1)
    ReadVersion                              0x08004385   Thumb Code   266  command.o(i.ReadVersion)
    ReadWriteBoardIDN                        0x080044b1   Thumb Code   192  command.o(i.ReadWriteBoardIDN)
    ReadWriteBoardPN                         0x080045a9   Thumb Code   192  command.o(i.ReadWriteBoardPN)
    ReadWriteBoardSN                         0x080046a1   Thumb Code   184  command.o(i.ReadWriteBoardSN)
    ReadWriteMaxCH                           0x08004791   Thumb Code   200  command.o(i.ReadWriteMaxCH)
    RebackCharacter                          0x08004895   Thumb Code   106  command.o(i.RebackCharacter)
    SPI1_Config                              0x0800491d   Thumb Code   174  spidrive.o(i.SPI1_Config)
    SPI1_ReadAD5504                          0x080049d9   Thumb Code   100  ad5504.o(i.SPI1_ReadAD5504)
    SPI1_WriteAD5504                         0x08004a49   Thumb Code   128  ad5504.o(i.SPI1_WriteAD5504)
    SVC_Handler                              0x08004ad5   Thumb Code     2  at32f415_int.o(i.SVC_Handler)
    SetReadWrite                             0x08004ad9   Thumb Code   376  command.o(i.SetReadWrite)
    SwitchMessage                            0x08004cc1   Thumb Code   248  function.o(i.SwitchMessage)
    SysTickConfigure                         0x08004de5   Thumb Code    86  initial.o(i.SysTickConfigure)
    SysTick_Handler                          0x08004e49   Thumb Code    32  at32f415_int.o(i.SysTick_Handler)
    SystemInit                               0x08004e6d   Thumb Code   138  system_at32f415.o(i.SystemInit)
    USART1_IRQHandler                        0x08004f09   Thumb Code   114  at32f415_int.o(i.USART1_IRQHandler)
    UsageFault_Handler                       0x08004f85   Thumb Code    16  at32f415_int.o(i.UsageFault_Handler)
    __ARM_fpclassify                         0x08004f9d   Thumb Code    40  fpclassify.o(i.__ARM_fpclassify)
    __mathlib_dbl_overflow                   0x08004fc5   Thumb Code    14  dunder.o(i.__mathlib_dbl_overflow)
    __mathlib_dbl_underflow                  0x08004fd5   Thumb Code    10  dunder.o(i.__mathlib_dbl_underflow)
    __mathlib_narrow                         0x08004fe5   Thumb Code    16  narrow.o(i.__mathlib_narrow)
    __mathlib_tofloat                        0x08004ff5   Thumb Code   184  narrow.o(i.__mathlib_tofloat)
    __support_ldexp                          0x080050b1   Thumb Code    22  ldexp.o(i.__support_ldexp)
    _is_digit                                0x080050c7   Thumb Code    14  __printf_wp.o(i._is_digit)
    bsp_Init                                 0x080050d5   Thumb Code   162  initial.o(i.bsp_Init)
    crm_ahb_div_set                          0x08005199   Thumb Code    14  at32f415_crm.o(i.crm_ahb_div_set)
    crm_apb1_div_set                         0x080051ad   Thumb Code    14  at32f415_crm.o(i.crm_apb1_div_set)
    crm_apb2_div_set                         0x080051c1   Thumb Code    14  at32f415_crm.o(i.crm_apb2_div_set)
    crm_auto_step_mode_enable                0x080051d5   Thumb Code    34  at32f415_crm.o(i.crm_auto_step_mode_enable)
    crm_clock_source_enable                  0x080051fd   Thumb Code    90  at32f415_crm.o(i.crm_clock_source_enable)
    crm_clocks_freq_get                      0x0800525d   Thumb Code   396  at32f415_crm.o(i.crm_clocks_freq_get)
    crm_flag_get                             0x08005409   Thumb Code    42  at32f415_crm.o(i.crm_flag_get)
    crm_periph_clock_enable                  0x08005439   Thumb Code    62  at32f415_crm.o(i.crm_periph_clock_enable)
    crm_pll_config                           0x0800547d   Thumb Code   210  at32f415_crm.o(i.crm_pll_config)
    crm_reset                                0x08005585   Thumb Code    90  at32f415_crm.o(i.crm_reset)
    crm_sysclk_switch                        0x080055e9   Thumb Code    14  at32f415_crm.o(i.crm_sysclk_switch)
    crm_sysclk_switch_status_get             0x080055fd   Thumb Code    10  at32f415_crm.o(i.crm_sysclk_switch_status_get)
    delay_ms                                 0x0800560d   Thumb Code    30  chokedelay.o(i.delay_ms)
    delay_us                                 0x0800562b   Thumb Code    26  chokedelay.o(i.delay_us)
    epramInitialize                          0x08005645   Thumb Code   348  initial.o(i.epramInitialize)
    exint_default_para_init                  0x080057f5   Thumb Code    14  at32f415_exint.o(i.exint_default_para_init)
    exint_flag_clear                         0x08005805   Thumb Code     6  at32f415_exint.o(i.exint_flag_clear)
    exint_flag_get                           0x08005811   Thumb Code    24  at32f415_exint.o(i.exint_flag_get)
    exint_init                               0x0800582d   Thumb Code   148  at32f415_exint.o(i.exint_init)
    exint_line15_config                      0x080058c5   Thumb Code    82  iostream.o(i.exint_line15_config)
    flash_LevelSave                          0x0800591d   Thumb Code   192  flash.o(i.flash_LevelSave)
    flash_byte_program                       0x080059ed   Thumb Code    64  at32f415_flash.o(i.flash_byte_program)
    flash_halfword_program                   0x08005a31   Thumb Code    64  at32f415_flash.o(i.flash_halfword_program)
    flash_lock                               0x08005a75   Thumb Code    16  at32f415_flash.o(i.flash_lock)
    flash_operation_status_get               0x08005a89   Thumb Code    48  at32f415_flash.o(i.flash_operation_status_get)
    flash_operation_wait_for                 0x08005abd   Thumb Code    36  at32f415_flash.o(i.flash_operation_wait_for)
    flash_read_byte                          0x08005ae1   Thumb Code    24  flash.o(i.flash_read_byte)
    flash_read_halfword                      0x08005af9   Thumb Code    26  flash.o(i.flash_read_halfword)
    flash_read_level                         0x08005b15   Thumb Code   112  flash.o(i.flash_read_level)
    flash_read_word                          0x08005b8d   Thumb Code    26  flash.o(i.flash_read_word)
    flash_sector_erase                       0x08005ba9   Thumb Code    72  at32f415_flash.o(i.flash_sector_erase)
    flash_unlock                             0x08005bf5   Thumb Code    12  at32f415_flash.o(i.flash_unlock)
    flash_word_program                       0x08005c0d   Thumb Code    64  at32f415_flash.o(i.flash_word_program)
    flash_write_nocheck                      0x08005c51   Thumb Code    38  flash.o(i.flash_write_nocheck)
    flash_write_word_nocheck                 0x08005c77   Thumb Code    38  flash.o(i.flash_write_word_nocheck)
    frexp                                    0x08005c9d   Thumb Code    80  frexp.o(i.frexp)
    gLowerCaseString                         0x08005cf5   Thumb Code    46  command.o(i.gLowerCaseString)
    gpio_default_para_init                   0x08005d23   Thumb Code    22  at32f415_gpio.o(i.gpio_default_para_init)
    gpio_exint_line_config                   0x08005d39   Thumb Code   158  at32f415_gpio.o(i.gpio_exint_line_config)
    gpio_init                                0x08005ddd   Thumb Code   168  at32f415_gpio.o(i.gpio_init)
    gpio_input_data_read                     0x08005e85   Thumb Code     8  at32f415_gpio.o(i.gpio_input_data_read)
    gpio_pin_remap_config                    0x08005e8d   Thumb Code    70  at32f415_gpio.o(i.gpio_pin_remap_config)
    help                                     0x08005ed9   Thumb Code    36  command.o(i.help)
    ioConfig                                 0x08005f01   Thumb Code   282  iostream.o(i.ioConfig)
    ldexp                                    0x08006035   Thumb Code   116  ldexp.o(i.ldexp)
    main                                     0x080060a9   Thumb Code    52  main.o(i.main)
    nvic_irq_enable                          0x080060dd   Thumb Code   190  at32f415_misc.o(i.nvic_irq_enable)
    nvic_priority_group_config               0x080061a5   Thumb Code    32  at32f415_misc.o(i.nvic_priority_group_config)
    printfx                                  0x080061cd   Thumb Code    38  serialport.o(i.printfx)
    printx                                   0x080061f9   Thumb Code    28  serialport.o(i.printx)
    spi_default_para_init                    0x08006219   Thumb Code    22  at32f415_spi.o(i.spi_default_para_init)
    spi_enable                               0x0800622f   Thumb Code    10  at32f415_spi.o(i.spi_enable)
    spi_i2s_data_receive                     0x08006239   Thumb Code     8  at32f415_spi.o(i.spi_i2s_data_receive)
    spi_i2s_data_transmit                    0x08006241   Thumb Code     4  at32f415_spi.o(i.spi_i2s_data_transmit)
    spi_i2s_flag_get                         0x08006245   Thumb Code    16  at32f415_spi.o(i.spi_i2s_flag_get)
    spi_init                                 0x08006255   Thumb Code   292  at32f415_spi.o(i.spi_init)
    sprintfx                                 0x08006379   Thumb Code    84  serialport.o(i.sprintfx)
    system_clock_config                      0x080063d1   Thumb Code   118  at32f415_clock.o(i.system_clock_config)
    system_core_clock_update                 0x0800644d   Thumb Code   316  system_at32f415.o(i.system_core_clock_update)
    systick_clock_source_config              0x080065a1   Thumb Code    40  at32f415_misc.o(i.systick_clock_source_config)
    usart_configuration                      0x080065c9   Thumb Code   164  serialport.o(i.usart_configuration)
    usart_data_transmit                      0x0800667d   Thumb Code     8  at32f415_usart.o(i.usart_data_transmit)
    usart_enable                             0x08006685   Thumb Code    10  at32f415_usart.o(i.usart_enable)
    usart_flag_clear                         0x0800668f   Thumb Code     6  at32f415_usart.o(i.usart_flag_clear)
    usart_flag_get                           0x08006695   Thumb Code    16  at32f415_usart.o(i.usart_flag_get)
    usart_init                               0x080066a5   Thumb Code   102  at32f415_usart.o(i.usart_init)
    usart_interrupt_enable                   0x08006711   Thumb Code    54  at32f415_usart.o(i.usart_interrupt_enable)
    usart_receiver_enable                    0x08006747   Thumb Code    10  at32f415_usart.o(i.usart_receiver_enable)
    usart_transmitter_enable                 0x08006751   Thumb Code    10  at32f415_usart.o(i.usart_transmitter_enable)
    _get_lc_numeric                          0x0800675d   Thumb Code    44  lc_numeric_c.o(locale$$code)
    _get_lc_ctype                            0x08006789   Thumb Code    44  lc_ctype_c.o(locale$$code)
    __aeabi_d2f                              0x080067b5   Thumb Code     0  d2f.o(x$fpl$d2f)
    _d2f                                     0x080067b5   Thumb Code    98  d2f.o(x$fpl$d2f)
    __aeabi_dadd                             0x08006819   Thumb Code     0  daddsub_clz.o(x$fpl$dadd)
    _dadd                                    0x08006819   Thumb Code   332  daddsub_clz.o(x$fpl$dadd)
    __fpl_dcheck_NaN1                        0x08006969   Thumb Code    10  dcheck1.o(x$fpl$dcheck1)
    __fpl_dcmp_Inf                           0x08006979   Thumb Code    24  dcmpi.o(x$fpl$dcmpinf)
    __aeabi_ddiv                             0x08006991   Thumb Code     0  ddiv.o(x$fpl$ddiv)
    _ddiv                                    0x08006991   Thumb Code   552  ddiv.o(x$fpl$ddiv)
    __aeabi_cdcmpeq                          0x08006c41   Thumb Code     0  deqf.o(x$fpl$deqf)
    _dcmpeq                                  0x08006c41   Thumb Code   120  deqf.o(x$fpl$deqf)
    __aeabi_d2iz                             0x08006cb9   Thumb Code     0  dfix.o(x$fpl$dfix)
    _dfix                                    0x08006cb9   Thumb Code    94  dfix.o(x$fpl$dfix)
    __aeabi_d2uiz                            0x08006d19   Thumb Code     0  dfixu.o(x$fpl$dfixu)
    _dfixu                                   0x08006d19   Thumb Code    90  dfixu.o(x$fpl$dfixu)
    __aeabi_i2d                              0x08006d73   Thumb Code     0  dflt_clz.o(x$fpl$dflt)
    _dflt                                    0x08006d73   Thumb Code    46  dflt_clz.o(x$fpl$dflt)
    __aeabi_ui2d                             0x08006da1   Thumb Code     0  dflt_clz.o(x$fpl$dfltu)
    _dfltu                                   0x08006da1   Thumb Code    38  dflt_clz.o(x$fpl$dfltu)
    __aeabi_cdcmple                          0x08006dc9   Thumb Code     0  dleqf.o(x$fpl$dleqf)
    _dcmple                                  0x08006dc9   Thumb Code   120  dleqf.o(x$fpl$dleqf)
    __fpl_dcmple_InfNaN                      0x08006e2b   Thumb Code     0  dleqf.o(x$fpl$dleqf)
    __aeabi_dmul                             0x08006e41   Thumb Code     0  dmul.o(x$fpl$dmul)
    _dmul                                    0x08006e41   Thumb Code   332  dmul.o(x$fpl$dmul)
    __fpl_dnaninf                            0x08006f95   Thumb Code   156  dnaninf.o(x$fpl$dnaninf)
    __fpl_dretinf                            0x08007031   Thumb Code    12  dretinf.o(x$fpl$dretinf)
    __aeabi_cdrcmple                         0x0800703d   Thumb Code     0  drleqf.o(x$fpl$drleqf)
    _drcmple                                 0x0800703d   Thumb Code   108  drleqf.o(x$fpl$drleqf)
    __aeabi_drsub                            0x080070a9   Thumb Code     0  daddsub_clz.o(x$fpl$drsb)
    _drsb                                    0x080070a9   Thumb Code    22  daddsub_clz.o(x$fpl$drsb)
    __aeabi_dsub                             0x080070c1   Thumb Code     0  daddsub_clz.o(x$fpl$dsub)
    _dsub                                    0x080070c1   Thumb Code   464  daddsub_clz.o(x$fpl$dsub)
    __aeabi_f2d                              0x08007295   Thumb Code     0  f2d.o(x$fpl$f2d)
    _f2d                                     0x08007295   Thumb Code    86  f2d.o(x$fpl$f2d)
    __aeabi_i2f                              0x080072ed   Thumb Code     0  fflt_clz.o(x$fpl$fflt)
    _fflt                                    0x080072ed   Thumb Code    48  fflt_clz.o(x$fpl$fflt)
    __fpl_fnaninf                            0x0800731d   Thumb Code   140  fnaninf.o(x$fpl$fnaninf)
    __fpl_fretinf                            0x080073a9   Thumb Code    10  fretinf.o(x$fpl$fretinf)
    __ieee_status                            0x080073b3   Thumb Code     6  istatus.o(x$fpl$ieeestatus)
    _printf_fp_dec                           0x080073b9   Thumb Code     4  printf1.o(x$fpl$printf1)
    _printf_fp_hex                           0x080073bd   Thumb Code     4  printf2.o(x$fpl$printf2)
    __fpl_return_NaN                         0x080073c1   Thumb Code   100  retnan.o(x$fpl$retnan)
    __ARM_scalbn                             0x08007425   Thumb Code    92  scalbn.o(x$fpl$scalbn)
    _scanf_real                              0x08007481   Thumb Code     4  scanf1.o(x$fpl$scanf1)
    _scanf_hex_real                          0x08007485   Thumb Code     4  scanf2.o(x$fpl$scanf2)
    _scanf_infnan                            0x08007489   Thumb Code     4  scanf2.o(x$fpl$scanf2)
    __fpl_cmpreturn                          0x0800748d   Thumb Code    48  trapv.o(x$fpl$trapveneer)
    __I$use$fp                               0x080074bc   Number         0  usenofp.o(x$fpl$usenofp)
    cmdMessage                               0x080074bc   Data         144  command.o(.constdata)
    cmdStrLen                                0x0800754c   Data           4  command.o(.constdata)
    Region$$Table$$Base                      0x08007a4c   Number         0  anon$$obj.o(Region$$Table)
    Region$$Table$$Limit                     0x08007a6c   Number         0  anon$$obj.o(Region$$Table)
    __aeabi_HUGE_VAL                         0x08007a6c   Data           0  fpconst.o(c$$dinf)
    __aeabi_HUGE_VALL                        0x08007a6c   Data           0  fpconst.o(c$$dinf)
    __aeabi_INFINITY                         0x08007a6c   Data           0  fpconst.o(c$$dinf)
    __dInf                                   0x08007a6c   Data           0  fpconst.o(c$$dinf)
    __huge_val                               0x08007a6c   Data           0  fpconst.o(c$$dinf)
    __dbl_max                                0x08007a74   Data           0  fpconst.o(c$$dmax)
    __ctype                                  0x08007aa5   Data           0  lc_ctype_c.o(locale$$data)
    erCode                                   0x20000000   Data           2  iostream.o(.data)
    keycn                                    0x20000002   Data           2  iostream.o(.data)
    pUART                                    0x20000004   Data           4  serialport.o(.data)
    swMess                                   0x20000008   Data           4  function.o(.data)
    system_core_clock                        0x20000010   Data           4  system_at32f415.o(.data)
    params                                   0x20000014   Data        1532  initial.o(.bss)
    sLevel                                   0x20000610   Data          10  initial.o(.bss)
    urStruct1                                0x2000061a   Data          69  serialport.o(.bss)
    __libspace_start                         0x20000660   Data          96  libspace.o(.bss)
    __temporary_stack_top$libspace           0x200006c0   Data           0  libspace.o(.bss)



==============================================================================

Memory Map of the image

  Image Entry point : 0x08000171

  Load Region LR_IROM1 (Base: 0x08000000, Size: 0x00007bbc, Max: 0x00020000, ABSOLUTE)

    Execution Region ER_IROM1 (Exec base: 0x08000000, Load base: 0x08000000, Size: 0x00007ba8, Max: 0x00020000, ABSOLUTE)

    Exec Addr    Load Addr    Size         Type   Attr      Idx    E Section Name        Object

    0x08000000   0x08000000   0x00000170   Data   RO         4043    RESET               startup_at32f415.o
    0x08000170   0x08000170   0x00000008   Code   RO         4080  * !!!main             c_w.l(__main.o)
    0x08000178   0x08000178   0x00000034   Code   RO         4569    !!!scatter          c_w.l(__scatter.o)
    0x080001ac   0x080001ac   0x0000001a   Code   RO         4571    !!handler_copy      c_w.l(__scatter_copy.o)
    0x080001c6   0x080001c6   0x00000002   PAD
    0x080001c8   0x080001c8   0x0000001c   Code   RO         4573    !!handler_zi        c_w.l(__scatter_zi.o)
    0x080001e4   0x080001e4   0x00000000   Code   RO         4227    .ARM.Collect$$_printf_percent$$00000000  c_w.l(_printf_percent.o)
    0x080001e4   0x080001e4   0x00000006   Code   RO         4216    .ARM.Collect$$_printf_percent$$00000001  c_w.l(_printf_n.o)
    0x080001ea   0x080001ea   0x00000006   Code   RO         4218    .ARM.Collect$$_printf_percent$$00000002  c_w.l(_printf_p.o)
    0x080001f0   0x080001f0   0x00000006   Code   RO         4223    .ARM.Collect$$_printf_percent$$00000003  c_w.l(_printf_f.o)
    0x080001f6   0x080001f6   0x00000006   Code   RO         4224    .ARM.Collect$$_printf_percent$$00000004  c_w.l(_printf_e.o)
    0x080001fc   0x080001fc   0x00000006   Code   RO         4225    .ARM.Collect$$_printf_percent$$00000005  c_w.l(_printf_g.o)
    0x08000202   0x08000202   0x00000006   Code   RO         4226    .ARM.Collect$$_printf_percent$$00000006  c_w.l(_printf_a.o)
    0x08000208   0x08000208   0x0000000a   Code   RO         4231    .ARM.Collect$$_printf_percent$$00000007  c_w.l(_printf_ll.o)
    0x08000212   0x08000212   0x00000006   Code   RO         4220    .ARM.Collect$$_printf_percent$$00000008  c_w.l(_printf_i.o)
    0x08000218   0x08000218   0x00000006   Code   RO         4221    .ARM.Collect$$_printf_percent$$00000009  c_w.l(_printf_d.o)
    0x0800021e   0x0800021e   0x00000006   Code   RO         4222    .ARM.Collect$$_printf_percent$$0000000A  c_w.l(_printf_u.o)
    0x08000224   0x08000224   0x00000006   Code   RO         4219    .ARM.Collect$$_printf_percent$$0000000B  c_w.l(_printf_o.o)
    0x0800022a   0x0800022a   0x00000006   Code   RO         4217    .ARM.Collect$$_printf_percent$$0000000C  c_w.l(_printf_x.o)
    0x08000230   0x08000230   0x00000006   Code   RO         4228    .ARM.Collect$$_printf_percent$$0000000D  c_w.l(_printf_lli.o)
    0x08000236   0x08000236   0x00000006   Code   RO         4229    .ARM.Collect$$_printf_percent$$0000000E  c_w.l(_printf_lld.o)
    0x0800023c   0x0800023c   0x00000006   Code   RO         4230    .ARM.Collect$$_printf_percent$$0000000F  c_w.l(_printf_llu.o)
    0x08000242   0x08000242   0x00000006   Code   RO         4235    .ARM.Collect$$_printf_percent$$00000010  c_w.l(_printf_llo.o)
    0x08000248   0x08000248   0x00000006   Code   RO         4236    .ARM.Collect$$_printf_percent$$00000011  c_w.l(_printf_llx.o)
    0x0800024e   0x0800024e   0x0000000a   Code   RO         4232    .ARM.Collect$$_printf_percent$$00000012  c_w.l(_printf_l.o)
    0x08000258   0x08000258   0x00000006   Code   RO         4214    .ARM.Collect$$_printf_percent$$00000013  c_w.l(_printf_c.o)
    0x0800025e   0x0800025e   0x00000006   Code   RO         4215    .ARM.Collect$$_printf_percent$$00000014  c_w.l(_printf_s.o)
    0x08000264   0x08000264   0x00000006   Code   RO         4233    .ARM.Collect$$_printf_percent$$00000015  c_w.l(_printf_lc.o)
    0x0800026a   0x0800026a   0x00000006   Code   RO         4234    .ARM.Collect$$_printf_percent$$00000016  c_w.l(_printf_ls.o)
    0x08000270   0x08000270   0x00000004   Code   RO         4339    .ARM.Collect$$_printf_percent$$00000017  c_w.l(_printf_percent_end.o)
    0x08000274   0x08000274   0x00000002   Code   RO         4418    .ARM.Collect$$libinit$$00000000  c_w.l(libinit.o)
    0x08000276   0x08000276   0x00000000   Code   RO         4420    .ARM.Collect$$libinit$$00000002  c_w.l(libinit2.o)
    0x08000276   0x08000276   0x00000000   Code   RO         4422    .ARM.Collect$$libinit$$00000004  c_w.l(libinit2.o)
    0x08000276   0x08000276   0x00000000   Code   RO         4425    .ARM.Collect$$libinit$$0000000A  c_w.l(libinit2.o)
    0x08000276   0x08000276   0x00000000   Code   RO         4427    .ARM.Collect$$libinit$$0000000C  c_w.l(libinit2.o)
    0x08000276   0x08000276   0x00000000   Code   RO         4429    .ARM.Collect$$libinit$$0000000E  c_w.l(libinit2.o)
    0x08000276   0x08000276   0x00000006   Code   RO         4430    .ARM.Collect$$libinit$$0000000F  c_w.l(libinit2.o)
    0x0800027c   0x0800027c   0x00000000   Code   RO         4432    .ARM.Collect$$libinit$$00000011  c_w.l(libinit2.o)
    0x0800027c   0x0800027c   0x0000000c   Code   RO         4433    .ARM.Collect$$libinit$$00000012  c_w.l(libinit2.o)
    0x08000288   0x08000288   0x00000000   Code   RO         4434    .ARM.Collect$$libinit$$00000013  c_w.l(libinit2.o)
    0x08000288   0x08000288   0x00000000   Code   RO         4436    .ARM.Collect$$libinit$$00000015  c_w.l(libinit2.o)
    0x08000288   0x08000288   0x0000000a   Code   RO         4437    .ARM.Collect$$libinit$$00000016  c_w.l(libinit2.o)
    0x08000292   0x08000292   0x00000000   Code   RO         4438    .ARM.Collect$$libinit$$00000017  c_w.l(libinit2.o)
    0x08000292   0x08000292   0x00000000   Code   RO         4440    .ARM.Collect$$libinit$$00000019  c_w.l(libinit2.o)
    0x08000292   0x08000292   0x00000000   Code   RO         4442    .ARM.Collect$$libinit$$0000001B  c_w.l(libinit2.o)
    0x08000292   0x08000292   0x00000000   Code   RO         4444    .ARM.Collect$$libinit$$0000001D  c_w.l(libinit2.o)
    0x08000292   0x08000292   0x00000000   Code   RO         4446    .ARM.Collect$$libinit$$0000001F  c_w.l(libinit2.o)
    0x08000292   0x08000292   0x00000000   Code   RO         4448    .ARM.Collect$$libinit$$00000021  c_w.l(libinit2.o)
    0x08000292   0x08000292   0x00000000   Code   RO         4450    .ARM.Collect$$libinit$$00000023  c_w.l(libinit2.o)
    0x08000292   0x08000292   0x00000000   Code   RO         4452    .ARM.Collect$$libinit$$00000025  c_w.l(libinit2.o)
    0x08000292   0x08000292   0x00000000   Code   RO         4456    .ARM.Collect$$libinit$$0000002C  c_w.l(libinit2.o)
    0x08000292   0x08000292   0x00000000   Code   RO         4458    .ARM.Collect$$libinit$$0000002E  c_w.l(libinit2.o)
    0x08000292   0x08000292   0x00000000   Code   RO         4460    .ARM.Collect$$libinit$$00000030  c_w.l(libinit2.o)
    0x08000292   0x08000292   0x00000000   Code   RO         4462    .ARM.Collect$$libinit$$00000032  c_w.l(libinit2.o)
    0x08000292   0x08000292   0x00000002   Code   RO         4463    .ARM.Collect$$libinit$$00000033  c_w.l(libinit2.o)
    0x08000294   0x08000294   0x00000002   Code   RO         4534    .ARM.Collect$$libshutdown$$00000000  c_w.l(libshutdown.o)
    0x08000296   0x08000296   0x00000000   Code   RO         4552    .ARM.Collect$$libshutdown$$00000002  c_w.l(libshutdown2.o)
    0x08000296   0x08000296   0x00000000   Code   RO         4554    .ARM.Collect$$libshutdown$$00000004  c_w.l(libshutdown2.o)
    0x08000296   0x08000296   0x00000000   Code   RO         4557    .ARM.Collect$$libshutdown$$00000007  c_w.l(libshutdown2.o)
    0x08000296   0x08000296   0x00000000   Code   RO         4560    .ARM.Collect$$libshutdown$$0000000A  c_w.l(libshutdown2.o)
    0x08000296   0x08000296   0x00000000   Code   RO         4562    .ARM.Collect$$libshutdown$$0000000C  c_w.l(libshutdown2.o)
    0x08000296   0x08000296   0x00000000   Code   RO         4565    .ARM.Collect$$libshutdown$$0000000F  c_w.l(libshutdown2.o)
    0x08000296   0x08000296   0x00000002   Code   RO         4566    .ARM.Collect$$libshutdown$$00000010  c_w.l(libshutdown2.o)
    0x08000298   0x08000298   0x00000000   Code   RO         4134    .ARM.Collect$$rtentry$$00000000  c_w.l(__rtentry.o)
    0x08000298   0x08000298   0x00000000   Code   RO         4299    .ARM.Collect$$rtentry$$00000002  c_w.l(__rtentry2.o)
    0x08000298   0x08000298   0x00000006   Code   RO         4311    .ARM.Collect$$rtentry$$00000004  c_w.l(__rtentry4.o)
    0x0800029e   0x0800029e   0x00000000   Code   RO         4301    .ARM.Collect$$rtentry$$00000009  c_w.l(__rtentry2.o)
    0x0800029e   0x0800029e   0x00000004   Code   RO         4302    .ARM.Collect$$rtentry$$0000000A  c_w.l(__rtentry2.o)
    0x080002a2   0x080002a2   0x00000000   Code   RO         4304    .ARM.Collect$$rtentry$$0000000C  c_w.l(__rtentry2.o)
    0x080002a2   0x080002a2   0x00000008   Code   RO         4305    .ARM.Collect$$rtentry$$0000000D  c_w.l(__rtentry2.o)
    0x080002aa   0x080002aa   0x00000002   Code   RO         4472    .ARM.Collect$$rtexit$$00000000  c_w.l(rtexit.o)
    0x080002ac   0x080002ac   0x00000000   Code   RO         4503    .ARM.Collect$$rtexit$$00000002  c_w.l(rtexit2.o)
    0x080002ac   0x080002ac   0x00000004   Code   RO         4504    .ARM.Collect$$rtexit$$00000003  c_w.l(rtexit2.o)
    0x080002b0   0x080002b0   0x00000006   Code   RO         4505    .ARM.Collect$$rtexit$$00000004  c_w.l(rtexit2.o)
    0x080002b6   0x080002b6   0x00000002   PAD
    0x080002b8   0x080002b8   0x00000040   Code   RO         4044    .text               startup_at32f415.o
    0x080002f8   0x080002f8   0x000000ee   Code   RO         4050    .text               c_w.l(lludivv7m.o)
    0x080003e6   0x080003e6   0x00000002   PAD
    0x080003e8   0x080003e8   0x00000024   Code   RO         4052    .text               c_w.l(vsprintf.o)
    0x0800040c   0x0800040c   0x0000003c   Code   RO         4054    .text               c_w.l(__0sscanf.o)
    0x08000448   0x08000448   0x0000014c   Code   RO         4056    .text               c_w.l(_scanf_int.o)
    0x08000594   0x08000594   0x000000e0   Code   RO         4058    .text               c_w.l(_scanf_str.o)
    0x08000674   0x08000674   0x0000001a   Code   RO         4060    .text               c_w.l(atoi.o)
    0x0800068e   0x0800068e   0x00000024   Code   RO         4062    .text               c_w.l(strstr.o)
    0x080006b2   0x080006b2   0x0000003e   Code   RO         4064    .text               c_w.l(strlen.o)
    0x080006f0   0x080006f0   0x00000096   Code   RO         4066    .text               c_w.l(strncmp.o)
    0x08000786   0x08000786   0x0000008a   Code   RO         4068    .text               c_w.l(rt_memcpy_v6.o)
    0x08000810   0x08000810   0x00000064   Code   RO         4070    .text               c_w.l(rt_memcpy_w.o)
    0x08000874   0x08000874   0x00000044   Code   RO         4072    .text               c_w.l(rt_memclr.o)
    0x080008b8   0x080008b8   0x0000004e   Code   RO         4074    .text               c_w.l(rt_memclr_w.o)
    0x08000906   0x08000906   0x00000002   PAD
    0x08000908   0x08000908   0x00000080   Code   RO         4076    .text               c_w.l(strcmpv7m.o)
    0x08000988   0x08000988   0x00000006   Code   RO         4078    .text               c_w.l(heapauxi.o)
    0x0800098e   0x0800098e   0x00000002   PAD
    0x08000990   0x08000990   0x00000008   Code   RO         4142    .text               c_w.l(rt_errno_addr_intlibspace.o)
    0x08000998   0x08000998   0x00000016   Code   RO         4144    .text               c_w.l(_rserrno.o)
    0x080009ae   0x080009ae   0x0000004e   Code   RO         4148    .text               c_w.l(_printf_pad.o)
    0x080009fc   0x080009fc   0x00000024   Code   RO         4150    .text               c_w.l(_printf_truncate.o)
    0x08000a20   0x08000a20   0x00000052   Code   RO         4152    .text               c_w.l(_printf_str.o)
    0x08000a72   0x08000a72   0x00000002   PAD
    0x08000a74   0x08000a74   0x00000078   Code   RO         4154    .text               c_w.l(_printf_dec.o)
    0x08000aec   0x08000aec   0x00000028   Code   RO         4156    .text               c_w.l(_printf_charcount.o)
    0x08000b14   0x08000b14   0x00000030   Code   RO         4158    .text               c_w.l(_printf_char_common.o)
    0x08000b44   0x08000b44   0x0000000a   Code   RO         4160    .text               c_w.l(_sputc.o)
    0x08000b4e   0x08000b4e   0x00000002   PAD
    0x08000b50   0x08000b50   0x000000bc   Code   RO         4162    .text               c_w.l(_printf_wctomb.o)
    0x08000c0c   0x08000c0c   0x0000007c   Code   RO         4165    .text               c_w.l(_printf_longlong_dec.o)
    0x08000c88   0x08000c88   0x00000070   Code   RO         4171    .text               c_w.l(_printf_oct_int_ll.o)
    0x08000cf8   0x08000cf8   0x00000094   Code   RO         4191    .text               c_w.l(_printf_hex_int_ll_ptr.o)
    0x08000d8c   0x08000d8c   0x00000188   Code   RO         4211    .text               c_w.l(__printf_flags_ss_wp.o)
    0x08000f14   0x08000f14   0x0000001c   Code   RO         4237    .text               c_w.l(_chval.o)
    0x08000f30   0x08000f30   0x000004f8   Code   RO         4239    .text               c_w.l(scanf_fp.o)
    0x08001428   0x08001428   0x0000002c   Code   RO         4241    .text               c_w.l(scanf_char.o)
    0x08001454   0x08001454   0x00000040   Code   RO         4243    .text               c_w.l(_sgetc.o)
    0x08001494   0x08001494   0x00000070   Code   RO         4245    .text               c_w.l(strtol.o)
    0x08001504   0x08001504   0x00000008   Code   RO         4295    .text               c_w.l(libspace.o)
    0x0800150c   0x0800150c   0x00000010   Code   RO         4313    .text               c_w.l(rt_ctype_table.o)
    0x0800151c   0x0800151c   0x00000008   Code   RO         4320    .text               c_w.l(rt_locale_intlibspace.o)
    0x08001524   0x08001524   0x0000008a   Code   RO         4322    .text               c_w.l(lludiv10.o)
    0x080015ae   0x080015ae   0x00000012   Code   RO         4324    .text               c_w.l(isspace.o)
    0x080015c0   0x080015c0   0x000000b2   Code   RO         4326    .text               c_w.l(_printf_intcommon.o)
    0x08001672   0x08001672   0x0000041e   Code   RO         4328    .text               c_w.l(_printf_fp_dec.o)
    0x08001a90   0x08001a90   0x000002fc   Code   RO         4330    .text               c_w.l(_printf_fp_hex.o)
    0x08001d8c   0x08001d8c   0x0000002c   Code   RO         4335    .text               c_w.l(_printf_char.o)
    0x08001db8   0x08001db8   0x0000002c   Code   RO         4337    .text               c_w.l(_printf_wchar.o)
    0x08001de4   0x08001de4   0x00000374   Code   RO         4340    .text               c_w.l(_scanf.o)
    0x08002158   0x08002158   0x0000009e   Code   RO         4342    .text               c_w.l(_strtoul.o)
    0x080021f6   0x080021f6   0x00000002   PAD
    0x080021f8   0x080021f8   0x000000e4   Code   RO         4344    .text               c_w.l(bigflt0.o)
    0x080022dc   0x080022dc   0x00000040   Code   RO         4369    .text               c_w.l(_wcrtomb.o)
    0x0800231c   0x0800231c   0x0000004a   Code   RO         4396    .text               c_w.l(sys_stackheap_outer.o)
    0x08002366   0x08002366   0x00000002   PAD
    0x08002368   0x08002368   0x00000080   Code   RO         4398    .text               c_w.l(_printf_fp_infnan.o)
    0x080023e8   0x080023e8   0x00000320   Code   RO         4400    .text               c_w.l(scanf_hexfp.o)
    0x08002708   0x08002708   0x00000134   Code   RO         4402    .text               c_w.l(scanf_infnan.o)
    0x0800283c   0x0800283c   0x00000012   Code   RO         4407    .text               c_w.l(exit.o)
    0x0800284e   0x0800284e   0x00000026   Code   RO         4476    .text               c_w.l(llshl.o)
    0x08002874   0x08002874   0x0000000c   Code   RO         4500    .text               c_w.l(sys_exit.o)
    0x08002880   0x08002880   0x00000002   Code   RO         4521    .text               c_w.l(use_no_semi.o)
    0x08002882   0x08002882   0x00000000   Code   RO         4523    .text               c_w.l(indicate_semi.o)
    0x08002882   0x08002882   0x0000003e   Code   RO         4347    CL$$btod_d2e        c_w.l(btod.o)
    0x080028c0   0x080028c0   0x00000046   Code   RO         4349    CL$$btod_d2e_denorm_low  c_w.l(btod.o)
    0x08002906   0x08002906   0x00000060   Code   RO         4348    CL$$btod_d2e_norm_op1  c_w.l(btod.o)
    0x08002966   0x08002966   0x00000338   Code   RO         4357    CL$$btod_div_common  c_w.l(btod.o)
    0x08002c9e   0x08002c9e   0x00000002   PAD
    0x08002ca0   0x08002ca0   0x00000084   Code   RO         4355    CL$$btod_e2d        c_w.l(btod.o)
    0x08002d24   0x08002d24   0x000000dc   Code   RO         4354    CL$$btod_e2e        c_w.l(btod.o)
    0x08002e00   0x08002e00   0x0000002a   Code   RO         4351    CL$$btod_ediv       c_w.l(btod.o)
    0x08002e2a   0x08002e2a   0x0000002a   Code   RO         4353    CL$$btod_edivd      c_w.l(btod.o)
    0x08002e54   0x08002e54   0x0000002a   Code   RO         4350    CL$$btod_emul       c_w.l(btod.o)
    0x08002e7e   0x08002e7e   0x0000002a   Code   RO         4352    CL$$btod_emuld      c_w.l(btod.o)
    0x08002ea8   0x08002ea8   0x00000244   Code   RO         4356    CL$$btod_mult_common  c_w.l(btod.o)
    0x080030ec   0x080030ec   0x0000009a   Code   RO          726    i.AD5504_PowerUp    ad5504.o
    0x08003186   0x08003186   0x00000002   PAD
    0x08003188   0x08003188   0x00000018   Code   RO          129    i.BusFault_Handler  at32f415_int.o
    0x080031a0   0x080031a0   0x00000002   Code   RO          130    i.DebugMon_Handler  at32f415_int.o
    0x080031a2   0x080031a2   0x00000002   Code   RO          131    i.EXINT15_10_IRQHandler  at32f415_int.o
    0x080031a4   0x080031a4   0x00000064   Code   RO          132    i.EXINT9_5_IRQHandler  at32f415_int.o
    0x08003208   0x08003208   0x000001b8   Code   RO          471    i.GetInterpolatedK  command.o
    0x080033c0   0x080033c0   0x00000044   Code   RO          472    i.GetSegmentIndex   command.o
    0x08003404   0x08003404   0x00000004   Code   RO          133    i.HardFault_Handler  at32f415_int.o
    0x08003408   0x08003408   0x00000064   Code   RO          373    i.InputIOScan       iostream.o
    0x0800346c   0x0800346c   0x00000500   Code   RO          473    i.LevelValueDispose  command.o
    0x0800396c   0x0800396c   0x00000018   Code   RO          134    i.MemManage_Handler  at32f415_int.o
    0x08003984   0x08003984   0x00000002   Code   RO          135    i.NMI_Handler       at32f415_int.o
    0x08003986   0x08003986   0x00000002   PAD
    0x08003988   0x08003988   0x0000053c   Code   RO          474    i.OffsetChannel     command.o
    0x08003ec4   0x08003ec4   0x000000f0   Code   RO          593    i.ParameterSave     flash.o
    0x08003fb4   0x08003fb4   0x00000002   Code   RO          136    i.PendSV_Handler    at32f415_int.o
    0x08003fb6   0x08003fb6   0x00000002   PAD
    0x08003fb8   0x08003fb8   0x000001d8   Code   RO          475    i.RX0_CommandDispose  command.o
    0x08004190   0x08004190   0x00000108   Code   RO          476    i.ReadSelectSwitch  command.o
    0x08004298   0x08004298   0x000000ec   Code   RO          477    i.ReadSelectSwitch1  command.o
    0x08004384   0x08004384   0x0000012c   Code   RO          478    i.ReadVersion       command.o
    0x080044b0   0x080044b0   0x000000f8   Code   RO          479    i.ReadWriteBoardIDN  command.o
    0x080045a8   0x080045a8   0x000000f8   Code   RO          480    i.ReadWriteBoardPN  command.o
    0x080046a0   0x080046a0   0x000000f0   Code   RO          481    i.ReadWriteBoardSN  command.o
    0x08004790   0x08004790   0x00000104   Code   RO          482    i.ReadWriteMaxCH    command.o
    0x08004894   0x08004894   0x00000088   Code   RO          483    i.RebackCharacter   command.o
    0x0800491c   0x0800491c   0x000000bc   Code   RO          659    i.SPI1_Config       spidrive.o
    0x080049d8   0x080049d8   0x00000070   Code   RO          727    i.SPI1_ReadAD5504   ad5504.o
    0x08004a48   0x08004a48   0x0000008c   Code   RO          728    i.SPI1_WriteAD5504  ad5504.o
    0x08004ad4   0x08004ad4   0x00000002   Code   RO          137    i.SVC_Handler       at32f415_int.o
    0x08004ad6   0x08004ad6   0x00000002   PAD
    0x08004ad8   0x08004ad8   0x000001e8   Code   RO          484    i.SetReadWrite      command.o
    0x08004cc0   0x08004cc0   0x00000124   Code   RO          684    i.SwitchMessage     function.o
    0x08004de4   0x08004de4   0x00000064   Code   RO          303    i.SysTickConfigure  initial.o
    0x08004e48   0x08004e48   0x00000024   Code   RO          138    i.SysTick_Handler   at32f415_int.o
    0x08004e6c   0x08004e6c   0x0000009c   Code   RO         4007    i.SystemInit        system_at32f415.o
    0x08004f08   0x08004f08   0x0000007c   Code   RO          139    i.USART1_IRQHandler  at32f415_int.o
    0x08004f84   0x08004f84   0x00000018   Code   RO          140    i.UsageFault_Handler  at32f415_int.o
    0x08004f9c   0x08004f9c   0x00000028   Code   RO         4282    i.__ARM_fpclassify  m_ws.l(fpclassify.o)
    0x08004fc4   0x08004fc4   0x0000000e   Code   RO         4272    i.__mathlib_dbl_overflow  m_ws.l(dunder.o)
    0x08004fd2   0x08004fd2   0x00000002   PAD
    0x08004fd4   0x08004fd4   0x00000010   Code   RO         4274    i.__mathlib_dbl_underflow  m_ws.l(dunder.o)
    0x08004fe4   0x08004fe4   0x00000010   Code   RO         4390    i.__mathlib_narrow  m_ws.l(narrow.o)
    0x08004ff4   0x08004ff4   0x000000bc   Code   RO         4391    i.__mathlib_tofloat  m_ws.l(narrow.o)
    0x080050b0   0x080050b0   0x00000016   Code   RO         4489    i.__support_ldexp   m_ws.l(ldexp.o)
    0x080050c6   0x080050c6   0x0000000e   Code   RO         4204    i._is_digit         c_w.l(__printf_wp.o)
    0x080050d4   0x080050d4   0x000000c4   Code   RO          304    i.bsp_Init          initial.o
    0x08005198   0x08005198   0x00000014   Code   RO         1302    i.crm_ahb_div_set   at32f415_crm.o
    0x080051ac   0x080051ac   0x00000014   Code   RO         1303    i.crm_apb1_div_set  at32f415_crm.o
    0x080051c0   0x080051c0   0x00000014   Code   RO         1304    i.crm_apb2_div_set  at32f415_crm.o
    0x080051d4   0x080051d4   0x00000028   Code   RO         1305    i.crm_auto_step_mode_enable  at32f415_crm.o
    0x080051fc   0x080051fc   0x00000060   Code   RO         1310    i.crm_clock_source_enable  at32f415_crm.o
    0x0800525c   0x0800525c   0x000001ac   Code   RO         1311    i.crm_clocks_freq_get  at32f415_crm.o
    0x08005408   0x08005408   0x00000030   Code   RO         1315    i.crm_flag_get      at32f415_crm.o
    0x08005438   0x08005438   0x00000044   Code   RO         1325    i.crm_periph_clock_enable  at32f415_crm.o
    0x0800547c   0x0800547c   0x00000108   Code   RO         1328    i.crm_pll_config    at32f415_crm.o
    0x08005584   0x08005584   0x00000064   Code   RO         1330    i.crm_reset         at32f415_crm.o
    0x080055e8   0x080055e8   0x00000014   Code   RO         1331    i.crm_sysclk_switch  at32f415_crm.o
    0x080055fc   0x080055fc   0x00000010   Code   RO         1332    i.crm_sysclk_switch_status_get  at32f415_crm.o
    0x0800560c   0x0800560c   0x0000001e   Code   RO          767    i.delay_ms          chokedelay.o
    0x0800562a   0x0800562a   0x0000001a   Code   RO          768    i.delay_us          chokedelay.o
    0x08005644   0x08005644   0x000001b0   Code   RO          306    i.epramInitialize   initial.o
    0x080057f4   0x080057f4   0x0000000e   Code   RO         1980    i.exint_default_para_init  at32f415_exint.o
    0x08005802   0x08005802   0x00000002   PAD
    0x08005804   0x08005804   0x0000000c   Code   RO         1982    i.exint_flag_clear  at32f415_exint.o
    0x08005810   0x08005810   0x0000001c   Code   RO         1983    i.exint_flag_get    at32f415_exint.o
    0x0800582c   0x0800582c   0x00000098   Code   RO         1984    i.exint_init        at32f415_exint.o
    0x080058c4   0x080058c4   0x00000058   Code   RO          374    i.exint_line15_config  iostream.o
    0x0800591c   0x0800591c   0x000000d0   Code   RO          594    i.flash_LevelSave   flash.o
    0x080059ec   0x080059ec   0x00000044   Code   RO         2047    i.flash_byte_program  at32f415_flash.o
    0x08005a30   0x08005a30   0x00000044   Code   RO         2060    i.flash_halfword_program  at32f415_flash.o
    0x08005a74   0x08005a74   0x00000014   Code   RO         2063    i.flash_lock        at32f415_flash.o
    0x08005a88   0x08005a88   0x00000034   Code   RO         2064    i.flash_operation_status_get  at32f415_flash.o
    0x08005abc   0x08005abc   0x00000024   Code   RO         2065    i.flash_operation_wait_for  at32f415_flash.o
    0x08005ae0   0x08005ae0   0x00000018   Code   RO          595    i.flash_read_byte   flash.o
    0x08005af8   0x08005af8   0x0000001a   Code   RO          596    i.flash_read_halfword  flash.o
    0x08005b12   0x08005b12   0x00000002   PAD
    0x08005b14   0x08005b14   0x00000078   Code   RO          597    i.flash_read_level  flash.o
    0x08005b8c   0x08005b8c   0x0000001a   Code   RO          598    i.flash_read_word   flash.o
    0x08005ba6   0x08005ba6   0x00000002   PAD
    0x08005ba8   0x08005ba8   0x0000004c   Code   RO         2066    i.flash_sector_erase  at32f415_flash.o
    0x08005bf4   0x08005bf4   0x00000018   Code   RO         2075    i.flash_unlock      at32f415_flash.o
    0x08005c0c   0x08005c0c   0x00000044   Code   RO         2078    i.flash_word_program  at32f415_flash.o
    0x08005c50   0x08005c50   0x00000026   Code   RO          599    i.flash_write_nocheck  flash.o
    0x08005c76   0x08005c76   0x00000026   Code   RO          600    i.flash_write_word_nocheck  flash.o
    0x08005c9c   0x08005c9c   0x00000058   Code   RO         4469    i.frexp             m_ws.l(frexp.o)
    0x08005cf4   0x08005cf4   0x0000002e   Code   RO          485    i.gLowerCaseString  command.o
    0x08005d22   0x08005d22   0x00000016   Code   RO         2266    i.gpio_default_para_init  at32f415_gpio.o
    0x08005d38   0x08005d38   0x000000a4   Code   RO         2269    i.gpio_exint_line_config  at32f415_gpio.o
    0x08005ddc   0x08005ddc   0x000000a8   Code   RO         2270    i.gpio_init         at32f415_gpio.o
    0x08005e84   0x08005e84   0x00000008   Code   RO         2272    i.gpio_input_data_read  at32f415_gpio.o
    0x08005e8c   0x08005e8c   0x0000004c   Code   RO         2276    i.gpio_pin_remap_config  at32f415_gpio.o
    0x08005ed8   0x08005ed8   0x00000028   Code   RO          486    i.help              command.o
    0x08005f00   0x08005f00   0x00000134   Code   RO          375    i.ioConfig          iostream.o
    0x08006034   0x08006034   0x00000074   Code   RO         4490    i.ldexp             m_ws.l(ldexp.o)
    0x080060a8   0x080060a8   0x00000034   Code   RO          276    i.main              main.o
    0x080060dc   0x080060dc   0x000000c8   Code   RO         2582    i.nvic_irq_enable   at32f415_misc.o
    0x080061a4   0x080061a4   0x00000028   Code   RO         2584    i.nvic_priority_group_config  at32f415_misc.o
    0x080061cc   0x080061cc   0x0000002c   Code   RO          415    i.printfx           serialport.o
    0x080061f8   0x080061f8   0x00000020   Code   RO          416    i.printx            serialport.o
    0x08006218   0x08006218   0x00000016   Code   RO         2923    i.spi_default_para_init  at32f415_spi.o
    0x0800622e   0x0800622e   0x0000000a   Code   RO         2924    i.spi_enable        at32f415_spi.o
    0x08006238   0x08006238   0x00000008   Code   RO         2928    i.spi_i2s_data_receive  at32f415_spi.o
    0x08006240   0x08006240   0x00000004   Code   RO         2929    i.spi_i2s_data_transmit  at32f415_spi.o
    0x08006244   0x08006244   0x00000010   Code   RO         2933    i.spi_i2s_flag_get  at32f415_spi.o
    0x08006254   0x08006254   0x00000124   Code   RO         2936    i.spi_init          at32f415_spi.o
    0x08006378   0x08006378   0x00000058   Code   RO          417    i.sprintfx          serialport.o
    0x080063d0   0x080063d0   0x0000007c   Code   RO            4    i.system_clock_config  at32f415_clock.o
    0x0800644c   0x0800644c   0x00000154   Code   RO         4008    i.system_core_clock_update  system_at32f415.o
    0x080065a0   0x080065a0   0x00000028   Code   RO         2587    i.systick_clock_source_config  at32f415_misc.o
    0x080065c8   0x080065c8   0x000000b4   Code   RO          418    i.usart_configuration  serialport.o
    0x0800667c   0x0800667c   0x00000008   Code   RO         3424    i.usart_data_transmit  at32f415_usart.o
    0x08006684   0x08006684   0x0000000a   Code   RO         3427    i.usart_enable      at32f415_usart.o
    0x0800668e   0x0800668e   0x00000006   Code   RO         3428    i.usart_flag_clear  at32f415_usart.o
    0x08006694   0x08006694   0x00000010   Code   RO         3429    i.usart_flag_get    at32f415_usart.o
    0x080066a4   0x080066a4   0x0000006c   Code   RO         3431    i.usart_init        at32f415_usart.o
    0x08006710   0x08006710   0x00000036   Code   RO         3432    i.usart_interrupt_enable  at32f415_usart.o
    0x08006746   0x08006746   0x0000000a   Code   RO         3438    i.usart_receiver_enable  at32f415_usart.o
    0x08006750   0x08006750   0x0000000a   Code   RO         3445    i.usart_transmitter_enable  at32f415_usart.o
    0x0800675a   0x0800675a   0x00000002   PAD
    0x0800675c   0x0800675c   0x0000002c   Code   RO         4372    locale$$code        c_w.l(lc_numeric_c.o)
    0x08006788   0x08006788   0x0000002c   Code   RO         4405    locale$$code        c_w.l(lc_ctype_c.o)
    0x080067b4   0x080067b4   0x00000062   Code   RO         4082    x$fpl$d2f           fz_ws.l(d2f.o)
    0x08006816   0x08006816   0x00000002   PAD
    0x08006818   0x08006818   0x00000150   Code   RO         4084    x$fpl$dadd          fz_ws.l(daddsub_clz.o)
    0x08006968   0x08006968   0x00000010   Code   RO         4374    x$fpl$dcheck1       fz_ws.l(dcheck1.o)
    0x08006978   0x08006978   0x00000018   Code   RO         4247    x$fpl$dcmpinf       fz_ws.l(dcmpi.o)
    0x08006990   0x08006990   0x000002b0   Code   RO         4091    x$fpl$ddiv          fz_ws.l(ddiv.o)
    0x08006c40   0x08006c40   0x00000078   Code   RO         4464    x$fpl$deqf          fz_ws.l(deqf.o)
    0x08006cb8   0x08006cb8   0x0000005e   Code   RO         4094    x$fpl$dfix          fz_ws.l(dfix.o)
    0x08006d16   0x08006d16   0x00000002   PAD
    0x08006d18   0x08006d18   0x0000005a   Code   RO         4098    x$fpl$dfixu         fz_ws.l(dfixu.o)
    0x08006d72   0x08006d72   0x0000002e   Code   RO         4103    x$fpl$dflt          fz_ws.l(dflt_clz.o)
    0x08006da0   0x08006da0   0x00000026   Code   RO         4102    x$fpl$dfltu         fz_ws.l(dflt_clz.o)
    0x08006dc6   0x08006dc6   0x00000002   PAD
    0x08006dc8   0x08006dc8   0x00000078   Code   RO         4108    x$fpl$dleqf         fz_ws.l(dleqf.o)
    0x08006e40   0x08006e40   0x00000154   Code   RO         4110    x$fpl$dmul          fz_ws.l(dmul.o)
    0x08006f94   0x08006f94   0x0000009c   Code   RO         4249    x$fpl$dnaninf       fz_ws.l(dnaninf.o)
    0x08007030   0x08007030   0x0000000c   Code   RO         4251    x$fpl$dretinf       fz_ws.l(dretinf.o)
    0x0800703c   0x0800703c   0x0000006c   Code   RO         4112    x$fpl$drleqf        fz_ws.l(drleqf.o)
    0x080070a8   0x080070a8   0x00000016   Code   RO         4085    x$fpl$drsb          fz_ws.l(daddsub_clz.o)
    0x080070be   0x080070be   0x00000002   PAD
    0x080070c0   0x080070c0   0x000001d4   Code   RO         4086    x$fpl$dsub          fz_ws.l(daddsub_clz.o)
    0x08007294   0x08007294   0x00000056   Code   RO         4114    x$fpl$f2d           fz_ws.l(f2d.o)
    0x080072ea   0x080072ea   0x00000002   PAD
    0x080072ec   0x080072ec   0x00000030   Code   RO         4117    x$fpl$fflt          fz_ws.l(fflt_clz.o)
    0x0800731c   0x0800731c   0x0000008c   Code   RO         4253    x$fpl$fnaninf       fz_ws.l(fnaninf.o)
    0x080073a8   0x080073a8   0x0000000a   Code   RO         4255    x$fpl$fretinf       fz_ws.l(fretinf.o)
    0x080073b2   0x080073b2   0x00000006   Code   RO         4382    x$fpl$ieeestatus    fz_ws.l(istatus.o)
    0x080073b8   0x080073b8   0x00000004   Code   RO         4257    x$fpl$printf1       fz_ws.l(printf1.o)
    0x080073bc   0x080073bc   0x00000004   Code   RO         4259    x$fpl$printf2       fz_ws.l(printf2.o)
    0x080073c0   0x080073c0   0x00000064   Code   RO         4466    x$fpl$retnan        fz_ws.l(retnan.o)
    0x08007424   0x08007424   0x0000005c   Code   RO         4265    x$fpl$scalbn        fz_ws.l(scalbn.o)
    0x08007480   0x08007480   0x00000004   Code   RO         4122    x$fpl$scanf1        fz_ws.l(scanf1.o)
    0x08007484   0x08007484   0x00000008   Code   RO         4384    x$fpl$scanf2        fz_ws.l(scanf2.o)
    0x0800748c   0x0800748c   0x00000030   Code   RO         4486    x$fpl$trapveneer    fz_ws.l(trapv.o)
    0x080074bc   0x080074bc   0x00000000   Code   RO         4267    x$fpl$usenofp       fz_ws.l(usenofp.o)
    0x080074bc   0x080074bc   0x00000094   Data   RO          487    .constdata          command.o
    0x08007550   0x08007550   0x00000028   Data   RO         1336    .constdata          at32f415_crm.o
    0x08007578   0x08007578   0x00000010   Data   RO         4009    .constdata          system_at32f415.o
    0x08007588   0x08007588   0x00000008   Data   RO         4163    .constdata          c_w.l(_printf_wctomb.o)
    0x08007590   0x08007590   0x00000028   Data   RO         4192    .constdata          c_w.l(_printf_hex_int_ll_ptr.o)
    0x080075b8   0x080075b8   0x00000011   Data   RO         4212    .constdata          c_w.l(__printf_flags_ss_wp.o)
    0x080075c9   0x080075c9   0x00000026   Data   RO         4331    .constdata          c_w.l(_printf_fp_hex.o)
    0x080075ef   0x080075ef   0x00000001   PAD
    0x080075f0   0x080075f0   0x00000094   Data   RO         4345    .constdata          c_w.l(bigflt0.o)
    0x08007684   0x08007684   0x000003c8   Data   RO          488    .conststring        command.o
    0x08007a4c   0x08007a4c   0x00000020   Data   RO         4567    Region$$Table       anon$$obj.o
    0x08007a6c   0x08007a6c   0x00000008   Data   RO         4378    c$$dinf             fz_ws.l(fpconst.o)
    0x08007a74   0x08007a74   0x00000008   Data   RO         4381    c$$dmax             fz_ws.l(fpconst.o)
    0x08007a7c   0x08007a7c   0x0000001c   Data   RO         4371    locale$$data        c_w.l(lc_numeric_c.o)
    0x08007a98   0x08007a98   0x00000110   Data   RO         4404    locale$$data        c_w.l(lc_ctype_c.o)


    Execution Region RW_IRAM1 (Exec base: 0x20000000, Load base: 0x08007ba8, Size: 0x00000cc0, Max: 0x00008000, ABSOLUTE)

    Exec Addr    Load Addr    Size         Type   Attr      Idx    E Section Name        Object

    0x20000000   0x08007ba8   0x00000004   Data   RW          376    .data               iostream.o
    0x20000004   0x08007bac   0x00000004   Data   RW          420    .data               serialport.o
    0x20000008   0x08007bb0   0x00000006   Data   RW          686    .data               function.o
    0x2000000e   0x08007bb6   0x00000002   PAD
    0x20000010   0x08007bb8   0x00000004   Data   RW         4010    .data               system_at32f415.o
    0x20000014        -       0x00000606   Zero   RW          310    .bss                initial.o
    0x2000061a        -       0x00000045   Zero   RW          419    .bss                serialport.o
    0x2000065f   0x08007bbc   0x00000001   PAD
    0x20000660        -       0x00000060   Zero   RW         4296    .bss                c_w.l(libspace.o)
    0x200006c0        -       0x00000200   Zero   RW         4042    HEAP                startup_at32f415.o
    0x200008c0        -       0x00000400   Zero   RW         4041    STACK               startup_at32f415.o


==============================================================================

Image component sizes


      Code (inc. data)   RO Data    RW Data    ZI Data      Debug   Object Name

       406         24          0          0          0       2194   ad5504.o
       124          6          0          0          0      47490   at32f415_clock.o
      1140        156         40          0          0       7729   at32f415_crm.o
       206         14          0          0          0       2639   at32f415_exint.o
       412         36          0          0          0       4832   at32f415_flash.o
       438         12          0          0          0       3809   at32f415_gpio.o
       346         52          0          0          0       7529   at32f415_int.o
       280         18          0          0          0      32560   at32f415_misc.o
       352          0          0          0          0       3858   at32f415_spi.o
       222          6          0          0          0       5238   at32f415_usart.o
        56          0          0          0          0        990   chokedelay.o
      6106        936       1116          0          0      14259   command.o
       720         46          0          0          0       5512   flash.o
       292         44          0          6          0       1704   function.o
       728        132          0          0       1542      32859   initial.o
       496         40          0          4          0       3478   iostream.o
        52          0          0          0          0        475   main.o
       344         30          0          4         69       3886   serialport.o
       188         14          0          0          0        602   spidrive.o
        64         26        368          0       1536        884   startup_at32f415.o
       496         42         16          4          0       2272   system_at32f415.o

    ----------------------------------------------------------------------
     13484       1634       1572         20       3148     184799   Object Totals
         0          0         32          0          0          0   (incl. Generated)
        16          0          0          2          1          0   (incl. Padding)

    ----------------------------------------------------------------------

      Code (inc. data)   RO Data    RW Data    ZI Data      Debug   Library Member Name

        60          8          0          0          0         84   __0sscanf.o
         8          0          0          0          0         68   __main.o
       392          4         17          0          0         92   __printf_flags_ss_wp.o
        14          0          0          0          0         68   __printf_wp.o
         0          0          0          0          0          0   __rtentry.o
        12          0          0          0          0          0   __rtentry2.o
         6          0          0          0          0          0   __rtentry4.o
        52          8          0          0          0          0   __scatter.o
        26          0          0          0          0          0   __scatter_copy.o
        28          0          0          0          0          0   __scatter_zi.o
        28          0          0          0          0         68   _chval.o
         6          0          0          0          0          0   _printf_a.o
         6          0          0          0          0          0   _printf_c.o
        44          0          0          0          0        108   _printf_char.o
        48          6          0          0          0         96   _printf_char_common.o
        40          0          0          0          0         68   _printf_charcount.o
         6          0          0          0          0          0   _printf_d.o
       120         16          0          0          0         92   _printf_dec.o
         6          0          0          0          0          0   _printf_e.o
         6          0          0          0          0          0   _printf_f.o
      1054          0          0          0          0        216   _printf_fp_dec.o
       764          8         38          0          0        100   _printf_fp_hex.o
       128         16          0          0          0         84   _printf_fp_infnan.o
         6          0          0          0          0          0   _printf_g.o
       148          4         40          0          0        160   _printf_hex_int_ll_ptr.o
         6          0          0          0          0          0   _printf_i.o
       178          0          0          0          0         88   _printf_intcommon.o
        10          0          0          0          0          0   _printf_l.o
         6          0          0          0          0          0   _printf_lc.o
        10          0          0          0          0          0   _printf_ll.o
         6          0          0          0          0          0   _printf_lld.o
         6          0          0          0          0          0   _printf_lli.o
         6          0          0          0          0          0   _printf_llo.o
         6          0          0          0          0          0   _printf_llu.o
         6          0          0          0          0          0   _printf_llx.o
       124         16          0          0          0         92   _printf_longlong_dec.o
         6          0          0          0          0          0   _printf_ls.o
         6          0          0          0          0          0   _printf_n.o
         6          0          0          0          0          0   _printf_o.o
       112         10          0          0          0        124   _printf_oct_int_ll.o
         6          0          0          0          0          0   _printf_p.o
        78          0          0          0          0        108   _printf_pad.o
         0          0          0          0          0          0   _printf_percent.o
         4          0          0          0          0          0   _printf_percent_end.o
         6          0          0          0          0          0   _printf_s.o
        82          0          0          0          0         80   _printf_str.o
        36          0          0          0          0         84   _printf_truncate.o
         6          0          0          0          0          0   _printf_u.o
        44          0          0          0          0        108   _printf_wchar.o
       188          6          8          0          0         92   _printf_wctomb.o
         6          0          0          0          0          0   _printf_x.o
        22          0          0          0          0        100   _rserrno.o
       884          6          0          0          0        100   _scanf.o
       332          0          0          0          0         96   _scanf_int.o
       224          0          0          0          0         96   _scanf_str.o
        64          0          0          0          0         84   _sgetc.o
        10          0          0          0          0         68   _sputc.o
       158          0          0          0          0         92   _strtoul.o
        64          0          0          0          0         92   _wcrtomb.o
        26          0          0          0          0         80   atoi.o
       228          4        148          0          0         96   bigflt0.o
      2152        136          0          0          0        960   btod.o
        18          0          0          0          0         80   exit.o
         6          0          0          0          0        152   heapauxi.o
         0          0          0          0          0          0   indicate_semi.o
        18          0          0          0          0         76   isspace.o
        44         10        272          0          0         76   lc_ctype_c.o
        44         10         28          0          0         76   lc_numeric_c.o
         2          0          0          0          0          0   libinit.o
        30          0          0          0          0          0   libinit2.o
         2          0          0          0          0          0   libshutdown.o
         2          0          0          0          0          0   libshutdown2.o
         8          4          0          0         96         68   libspace.o
        38          0          0          0          0         68   llshl.o
       138          0          0          0          0         80   lludiv10.o
       238          0          0          0          0        100   lludivv7m.o
        16          4          0          0          0         76   rt_ctype_table.o
         8          4          0          0          0         68   rt_errno_addr_intlibspace.o
         8          4          0          0          0         68   rt_locale_intlibspace.o
        68          0          0          0          0         68   rt_memclr.o
        78          0          0          0          0         80   rt_memclr_w.o
       138          0          0          0          0         68   rt_memcpy_v6.o
       100          0          0          0          0         80   rt_memcpy_w.o
         2          0          0          0          0          0   rtexit.o
        10          0          0          0          0          0   rtexit2.o
        44          8          0          0          0         84   scanf_char.o
      1272         16          0          0          0        168   scanf_fp.o
       800         14          0          0          0        100   scanf_hexfp.o
       308         16          0          0          0        100   scanf_infnan.o
       128          0          0          0          0         68   strcmpv7m.o
        62          0          0          0          0         76   strlen.o
       150          0          0          0          0         80   strncmp.o
        36          0          0          0          0         80   strstr.o
       112          0          0          0          0         88   strtol.o
        12          4          0          0          0         68   sys_exit.o
        74          0          0          0          0         80   sys_stackheap_outer.o
         2          0          0          0          0         68   use_no_semi.o
        36          4          0          0          0         76   vsprintf.o
        98          4          0          0          0         92   d2f.o
       826         16          0          0          0        348   daddsub_clz.o
        16          4          0          0          0         68   dcheck1.o
        24          0          0          0          0         68   dcmpi.o
       688        140          0          0          0        208   ddiv.o
       120          4          0          0          0         92   deqf.o
        94          4          0          0          0         92   dfix.o
        90          4          0          0          0         92   dfixu.o
        84          0          0          0          0        136   dflt_clz.o
       120          4          0          0          0         92   dleqf.o
       340         12          0          0          0        104   dmul.o
       156          4          0          0          0         92   dnaninf.o
        12          0          0          0          0         68   dretinf.o
       108          0          0          0          0         80   drleqf.o
        86          4          0          0          0         84   f2d.o
        48          0          0          0          0         68   fflt_clz.o
       140          4          0          0          0         84   fnaninf.o
         0          0         16          0          0          0   fpconst.o
        10          0          0          0          0         68   fretinf.o
         6          0          0          0          0         68   istatus.o
         4          0          0          0          0         68   printf1.o
         4          0          0          0          0         68   printf2.o
       100          0          0          0          0         68   retnan.o
        92          0          0          0          0         68   scalbn.o
         4          0          0          0          0         68   scanf1.o
         8          0          0          0          0         84   scanf2.o
        48          0          0          0          0         68   trapv.o
         0          0          0          0          0          0   usenofp.o
        30          6          0          0          0        136   dunder.o
        40          0          0          0          0         68   fpclassify.o
        88          8          0          0          0         76   frexp.o
       138          0          0          0          0        160   ldexp.o
       204          4          0          0          0        168   narrow.o

    ----------------------------------------------------------------------
     16032        570        568          0         96       9468   Library Totals
        32          2          1          0          0          0   (incl. Padding)

    ----------------------------------------------------------------------

      Code (inc. data)   RO Data    RW Data    ZI Data      Debug   Library Name

     12174        346        551          0         96       6364   c_w.l
      3326        204         16          0          0       2496   fz_ws.l
       500         18          0          0          0        608   m_ws.l

    ----------------------------------------------------------------------
     16032        570        568          0         96       9468   Library Totals

    ----------------------------------------------------------------------

==============================================================================


      Code (inc. data)   RO Data    RW Data    ZI Data      Debug   

     29516       2204       2140         20       3244     183707   Grand Totals
     29516       2204       2140         20       3244     183707   ELF Image Totals
     29516       2204       2140         20          0          0   ROM Totals

==============================================================================

    Total RO  Size (Code + RO Data)                31656 (  30.91kB)
    Total RW  Size (RW Data + ZI Data)              3264 (   3.19kB)
    Total ROM Size (Code + RO Data + RW Data)      31676 (  30.93kB)

==============================================================================

